[0.085s] DEBUG:colcon:Command line arguments: ['/usr/bin/colcon', 'list', '-p', '--base-paths', '/home/csy/My_baby_blue/Road_fixer', '--log-base', '/dev/null']
[0.085s] DEBUG:colcon:Parsed command line arguments: Namespace(log_base=None, log_level=None, verb_name='list', build_base='build', ignore_user_meta=False, metas=['./colcon.meta'], base_paths=['/home/csy/My_baby_blue/Road_fixer', '--log-base', '/dev/null'], packages_ignore=None, packages_ignore_regex=None, paths=None, packages_up_to=None, packages_up_to_regex=None, packages_above=None, packages_above_and_dependencies=None, packages_above_depth=None, packages_select_by_dep=None, packages_skip_by_dep=None, packages_skip_up_to=None, packages_select_build_failed=False, packages_skip_build_finished=False, packages_select_test_failures=False, packages_skip_test_passed=False, packages_select=None, packages_skip=None, packages_select_regex=None, packages_skip_regex=None, packages_start=None, packages_end=None, allow_overriding=[], topological_order=False, names_only=False, paths_only=True, topological_graph=False, topological_graph_dot=False, topological_graph_density=False, topological_graph_legend=False, topological_graph_dot_cluster=False, topological_graph_dot_include_skipped=False, verb_parser=<colcon_defaults.argument_parser.defaults.DefaultArgumentsDecorator object at 0x7bbdf5c1b760>, verb_extension=<colcon_package_information.verb.list.ListVerb object at 0x7bbdf5c1a6b0>, main=<bound method ListVerb.main of <colcon_package_information.verb.list.ListVerb object at 0x7bbdf5c1a6b0>>)
[0.236s] Level 1:colcon.colcon_core.package_discovery:discover_packages(colcon_meta) check parameters
[0.236s] Level 1:colcon.colcon_core.package_discovery:discover_packages(recursive) check parameters
[0.236s] Level 1:colcon.colcon_core.package_discovery:discover_packages(ignore) check parameters
[0.236s] Level 1:colcon.colcon_core.package_discovery:discover_packages(path) check parameters
[0.236s] Level 1:colcon.colcon_core.package_discovery:discover_packages(recursive) discover
[0.237s] INFO:colcon.colcon_core.package_discovery:Crawling recursively for packages in '/home/csy/My_baby_blue/Road_fixer', '/home/csy/My_baby_blue/Road_fixer/--log-base', '/dev/null'
[0.237s] Level 1:colcon.colcon_core.package_identification:_identify(/home/csy/My_baby_blue/Road_fixer) by extensions ['ignore', 'ignore_ament_install']
[0.237s] Level 1:colcon.colcon_core.package_identification:_identify(/home/csy/My_baby_blue/Road_fixer) by extension 'ignore'
[0.237s] Level 1:colcon.colcon_core.package_identification:_identify(/home/csy/My_baby_blue/Road_fixer) by extension 'ignore_ament_install'
[0.237s] Level 1:colcon.colcon_core.package_identification:_identify(/home/csy/My_baby_blue/Road_fixer) by extensions ['colcon_pkg']
[0.237s] Level 1:colcon.colcon_core.package_identification:_identify(/home/csy/My_baby_blue/Road_fixer) by extension 'colcon_pkg'
[0.237s] Level 1:colcon.colcon_core.package_identification:_identify(/home/csy/My_baby_blue/Road_fixer) by extensions ['colcon_meta']
[0.237s] Level 1:colcon.colcon_core.package_identification:_identify(/home/csy/My_baby_blue/Road_fixer) by extension 'colcon_meta'
[0.237s] Level 1:colcon.colcon_core.package_identification:_identify(/home/csy/My_baby_blue/Road_fixer) by extensions ['ros']
[0.237s] Level 1:colcon.colcon_core.package_identification:_identify(/home/csy/My_baby_blue/Road_fixer) by extension 'ros'
[0.251s] Level 1:colcon.colcon_core.package_identification:_identify(/home/csy/My_baby_blue/Road_fixer) by extensions ['cmake', 'python']
[0.251s] Level 1:colcon.colcon_core.package_identification:_identify(/home/csy/My_baby_blue/Road_fixer) by extension 'cmake'
[0.251s] Level 1:colcon.colcon_core.package_identification:_identify(/home/csy/My_baby_blue/Road_fixer) by extension 'python'
[0.251s] Level 1:colcon.colcon_core.package_identification:_identify(/home/csy/My_baby_blue/Road_fixer) by extensions ['python_setup_py']
[0.251s] Level 1:colcon.colcon_core.package_identification:_identify(/home/csy/My_baby_blue/Road_fixer) by extension 'python_setup_py'
[0.251s] Level 1:colcon.colcon_core.package_identification:_identify(/home/csy/My_baby_blue/Road_fixer/build) by extensions ['ignore', 'ignore_ament_install']
[0.251s] Level 1:colcon.colcon_core.package_identification:_identify(/home/csy/My_baby_blue/Road_fixer/build) by extension 'ignore'
[0.251s] Level 1:colcon.colcon_core.package_identification:_identify(/home/csy/My_baby_blue/Road_fixer/build) ignored
[0.251s] Level 1:colcon.colcon_core.package_identification:_identify(/home/csy/My_baby_blue/Road_fixer/install) by extensions ['ignore', 'ignore_ament_install']
[0.252s] Level 1:colcon.colcon_core.package_identification:_identify(/home/csy/My_baby_blue/Road_fixer/install) by extension 'ignore'
[0.252s] Level 1:colcon.colcon_core.package_identification:_identify(/home/csy/My_baby_blue/Road_fixer/install) ignored
[0.252s] Level 1:colcon.colcon_core.package_identification:_identify(/home/csy/My_baby_blue/Road_fixer/log) by extensions ['ignore', 'ignore_ament_install']
[0.252s] Level 1:colcon.colcon_core.package_identification:_identify(/home/csy/My_baby_blue/Road_fixer/log) by extension 'ignore'
[0.252s] Level 1:colcon.colcon_core.package_identification:_identify(/home/csy/My_baby_blue/Road_fixer/log) ignored
[0.252s] Level 1:colcon.colcon_core.package_identification:_identify(/home/csy/My_baby_blue/Road_fixer/models) by extensions ['ignore', 'ignore_ament_install']
[0.252s] Level 1:colcon.colcon_core.package_identification:_identify(/home/csy/My_baby_blue/Road_fixer/models) by extension 'ignore'
[0.252s] Level 1:colcon.colcon_core.package_identification:_identify(/home/csy/My_baby_blue/Road_fixer/models) by extension 'ignore_ament_install'
[0.252s] Level 1:colcon.colcon_core.package_identification:_identify(/home/csy/My_baby_blue/Road_fixer/models) by extensions ['colcon_pkg']
[0.252s] Level 1:colcon.colcon_core.package_identification:_identify(/home/csy/My_baby_blue/Road_fixer/models) by extension 'colcon_pkg'
[0.252s] Level 1:colcon.colcon_core.package_identification:_identify(/home/csy/My_baby_blue/Road_fixer/models) by extensions ['colcon_meta']
[0.252s] Level 1:colcon.colcon_core.package_identification:_identify(/home/csy/My_baby_blue/Road_fixer/models) by extension 'colcon_meta'
[0.252s] Level 1:colcon.colcon_core.package_identification:_identify(/home/csy/My_baby_blue/Road_fixer/models) by extensions ['ros']
[0.252s] Level 1:colcon.colcon_core.package_identification:_identify(/home/csy/My_baby_blue/Road_fixer/models) by extension 'ros'
[0.252s] Level 1:colcon.colcon_core.package_identification:_identify(/home/csy/My_baby_blue/Road_fixer/models) by extensions ['cmake', 'python']
[0.252s] Level 1:colcon.colcon_core.package_identification:_identify(/home/csy/My_baby_blue/Road_fixer/models) by extension 'cmake'
[0.252s] Level 1:colcon.colcon_core.package_identification:_identify(/home/csy/My_baby_blue/Road_fixer/models) by extension 'python'
[0.252s] Level 1:colcon.colcon_core.package_identification:_identify(/home/csy/My_baby_blue/Road_fixer/models) by extensions ['python_setup_py']
[0.252s] Level 1:colcon.colcon_core.package_identification:_identify(/home/csy/My_baby_blue/Road_fixer/models) by extension 'python_setup_py'
[0.253s] Level 1:colcon.colcon_core.package_identification:_identify(/home/csy/My_baby_blue/Road_fixer/models/runs) by extensions ['ignore', 'ignore_ament_install']
[0.253s] Level 1:colcon.colcon_core.package_identification:_identify(/home/csy/My_baby_blue/Road_fixer/models/runs) by extension 'ignore'
[0.253s] Level 1:colcon.colcon_core.package_identification:_identify(/home/csy/My_baby_blue/Road_fixer/models/runs) by extension 'ignore_ament_install'
[0.253s] Level 1:colcon.colcon_core.package_identification:_identify(/home/csy/My_baby_blue/Road_fixer/models/runs) by extensions ['colcon_pkg']
[0.253s] Level 1:colcon.colcon_core.package_identification:_identify(/home/csy/My_baby_blue/Road_fixer/models/runs) by extension 'colcon_pkg'
[0.253s] Level 1:colcon.colcon_core.package_identification:_identify(/home/csy/My_baby_blue/Road_fixer/models/runs) by extensions ['colcon_meta']
[0.253s] Level 1:colcon.colcon_core.package_identification:_identify(/home/csy/My_baby_blue/Road_fixer/models/runs) by extension 'colcon_meta'
[0.253s] Level 1:colcon.colcon_core.package_identification:_identify(/home/csy/My_baby_blue/Road_fixer/models/runs) by extensions ['ros']
[0.253s] Level 1:colcon.colcon_core.package_identification:_identify(/home/csy/My_baby_blue/Road_fixer/models/runs) by extension 'ros'
[0.253s] Level 1:colcon.colcon_core.package_identification:_identify(/home/csy/My_baby_blue/Road_fixer/models/runs) by extensions ['cmake', 'python']
[0.253s] Level 1:colcon.colcon_core.package_identification:_identify(/home/csy/My_baby_blue/Road_fixer/models/runs) by extension 'cmake'
[0.253s] Level 1:colcon.colcon_core.package_identification:_identify(/home/csy/My_baby_blue/Road_fixer/models/runs) by extension 'python'
[0.253s] Level 1:colcon.colcon_core.package_identification:_identify(/home/csy/My_baby_blue/Road_fixer/models/runs) by extensions ['python_setup_py']
[0.253s] Level 1:colcon.colcon_core.package_identification:_identify(/home/csy/My_baby_blue/Road_fixer/models/runs) by extension 'python_setup_py'
[0.253s] Level 1:colcon.colcon_core.package_identification:_identify(/home/csy/My_baby_blue/Road_fixer/models/runs/detect) by extensions ['ignore', 'ignore_ament_install']
[0.253s] Level 1:colcon.colcon_core.package_identification:_identify(/home/csy/My_baby_blue/Road_fixer/models/runs/detect) by extension 'ignore'
[0.253s] Level 1:colcon.colcon_core.package_identification:_identify(/home/csy/My_baby_blue/Road_fixer/models/runs/detect) by extension 'ignore_ament_install'
[0.253s] Level 1:colcon.colcon_core.package_identification:_identify(/home/csy/My_baby_blue/Road_fixer/models/runs/detect) by extensions ['colcon_pkg']
[0.253s] Level 1:colcon.colcon_core.package_identification:_identify(/home/csy/My_baby_blue/Road_fixer/models/runs/detect) by extension 'colcon_pkg'
[0.253s] Level 1:colcon.colcon_core.package_identification:_identify(/home/csy/My_baby_blue/Road_fixer/models/runs/detect) by extensions ['colcon_meta']
[0.254s] Level 1:colcon.colcon_core.package_identification:_identify(/home/csy/My_baby_blue/Road_fixer/models/runs/detect) by extension 'colcon_meta'
[0.254s] Level 1:colcon.colcon_core.package_identification:_identify(/home/csy/My_baby_blue/Road_fixer/models/runs/detect) by extensions ['ros']
[0.254s] Level 1:colcon.colcon_core.package_identification:_identify(/home/csy/My_baby_blue/Road_fixer/models/runs/detect) by extension 'ros'
[0.254s] Level 1:colcon.colcon_core.package_identification:_identify(/home/csy/My_baby_blue/Road_fixer/models/runs/detect) by extensions ['cmake', 'python']
[0.254s] Level 1:colcon.colcon_core.package_identification:_identify(/home/csy/My_baby_blue/Road_fixer/models/runs/detect) by extension 'cmake'
[0.254s] Level 1:colcon.colcon_core.package_identification:_identify(/home/csy/My_baby_blue/Road_fixer/models/runs/detect) by extension 'python'
[0.254s] Level 1:colcon.colcon_core.package_identification:_identify(/home/csy/My_baby_blue/Road_fixer/models/runs/detect) by extensions ['python_setup_py']
[0.254s] Level 1:colcon.colcon_core.package_identification:_identify(/home/csy/My_baby_blue/Road_fixer/models/runs/detect) by extension 'python_setup_py'
[0.254s] Level 1:colcon.colcon_core.package_identification:_identify(/home/csy/My_baby_blue/Road_fixer/models/runs/detect/crack_and_pothole) by extensions ['ignore', 'ignore_ament_install']
[0.254s] Level 1:colcon.colcon_core.package_identification:_identify(/home/csy/My_baby_blue/Road_fixer/models/runs/detect/crack_and_pothole) by extension 'ignore'
[0.254s] Level 1:colcon.colcon_core.package_identification:_identify(/home/csy/My_baby_blue/Road_fixer/models/runs/detect/crack_and_pothole) by extension 'ignore_ament_install'
[0.254s] Level 1:colcon.colcon_core.package_identification:_identify(/home/csy/My_baby_blue/Road_fixer/models/runs/detect/crack_and_pothole) by extensions ['colcon_pkg']
[0.254s] Level 1:colcon.colcon_core.package_identification:_identify(/home/csy/My_baby_blue/Road_fixer/models/runs/detect/crack_and_pothole) by extension 'colcon_pkg'
[0.254s] Level 1:colcon.colcon_core.package_identification:_identify(/home/csy/My_baby_blue/Road_fixer/models/runs/detect/crack_and_pothole) by extensions ['colcon_meta']
[0.254s] Level 1:colcon.colcon_core.package_identification:_identify(/home/csy/My_baby_blue/Road_fixer/models/runs/detect/crack_and_pothole) by extension 'colcon_meta'
[0.254s] Level 1:colcon.colcon_core.package_identification:_identify(/home/csy/My_baby_blue/Road_fixer/models/runs/detect/crack_and_pothole) by extensions ['ros']
[0.254s] Level 1:colcon.colcon_core.package_identification:_identify(/home/csy/My_baby_blue/Road_fixer/models/runs/detect/crack_and_pothole) by extension 'ros'
[0.254s] Level 1:colcon.colcon_core.package_identification:_identify(/home/csy/My_baby_blue/Road_fixer/models/runs/detect/crack_and_pothole) by extensions ['cmake', 'python']
[0.254s] Level 1:colcon.colcon_core.package_identification:_identify(/home/csy/My_baby_blue/Road_fixer/models/runs/detect/crack_and_pothole) by extension 'cmake'
[0.254s] Level 1:colcon.colcon_core.package_identification:_identify(/home/csy/My_baby_blue/Road_fixer/models/runs/detect/crack_and_pothole) by extension 'python'
[0.254s] Level 1:colcon.colcon_core.package_identification:_identify(/home/csy/My_baby_blue/Road_fixer/models/runs/detect/crack_and_pothole) by extensions ['python_setup_py']
[0.254s] Level 1:colcon.colcon_core.package_identification:_identify(/home/csy/My_baby_blue/Road_fixer/models/runs/detect/crack_and_pothole) by extension 'python_setup_py'
[0.254s] Level 1:colcon.colcon_core.package_identification:_identify(/home/csy/My_baby_blue/Road_fixer/models/runs/detect/crack_and_pothole/weights) by extensions ['ignore', 'ignore_ament_install']
[0.255s] Level 1:colcon.colcon_core.package_identification:_identify(/home/csy/My_baby_blue/Road_fixer/models/runs/detect/crack_and_pothole/weights) by extension 'ignore'
[0.255s] Level 1:colcon.colcon_core.package_identification:_identify(/home/csy/My_baby_blue/Road_fixer/models/runs/detect/crack_and_pothole/weights) by extension 'ignore_ament_install'
[0.255s] Level 1:colcon.colcon_core.package_identification:_identify(/home/csy/My_baby_blue/Road_fixer/models/runs/detect/crack_and_pothole/weights) by extensions ['colcon_pkg']
[0.255s] Level 1:colcon.colcon_core.package_identification:_identify(/home/csy/My_baby_blue/Road_fixer/models/runs/detect/crack_and_pothole/weights) by extension 'colcon_pkg'
[0.255s] Level 1:colcon.colcon_core.package_identification:_identify(/home/csy/My_baby_blue/Road_fixer/models/runs/detect/crack_and_pothole/weights) by extensions ['colcon_meta']
[0.255s] Level 1:colcon.colcon_core.package_identification:_identify(/home/csy/My_baby_blue/Road_fixer/models/runs/detect/crack_and_pothole/weights) by extension 'colcon_meta'
[0.255s] Level 1:colcon.colcon_core.package_identification:_identify(/home/csy/My_baby_blue/Road_fixer/models/runs/detect/crack_and_pothole/weights) by extensions ['ros']
[0.255s] Level 1:colcon.colcon_core.package_identification:_identify(/home/csy/My_baby_blue/Road_fixer/models/runs/detect/crack_and_pothole/weights) by extension 'ros'
[0.255s] Level 1:colcon.colcon_core.package_identification:_identify(/home/csy/My_baby_blue/Road_fixer/models/runs/detect/crack_and_pothole/weights) by extensions ['cmake', 'python']
[0.255s] Level 1:colcon.colcon_core.package_identification:_identify(/home/csy/My_baby_blue/Road_fixer/models/runs/detect/crack_and_pothole/weights) by extension 'cmake'
[0.255s] Level 1:colcon.colcon_core.package_identification:_identify(/home/csy/My_baby_blue/Road_fixer/models/runs/detect/crack_and_pothole/weights) by extension 'python'
[0.255s] Level 1:colcon.colcon_core.package_identification:_identify(/home/csy/My_baby_blue/Road_fixer/models/runs/detect/crack_and_pothole/weights) by extensions ['python_setup_py']
[0.255s] Level 1:colcon.colcon_core.package_identification:_identify(/home/csy/My_baby_blue/Road_fixer/models/runs/detect/crack_and_pothole/weights) by extension 'python_setup_py'
[0.255s] Level 1:colcon.colcon_core.package_identification:_identify(/home/csy/My_baby_blue/Road_fixer/models/runs/detect/pothole) by extensions ['ignore', 'ignore_ament_install']
[0.255s] Level 1:colcon.colcon_core.package_identification:_identify(/home/csy/My_baby_blue/Road_fixer/models/runs/detect/pothole) by extension 'ignore'
[0.255s] Level 1:colcon.colcon_core.package_identification:_identify(/home/csy/My_baby_blue/Road_fixer/models/runs/detect/pothole) by extension 'ignore_ament_install'
[0.255s] Level 1:colcon.colcon_core.package_identification:_identify(/home/csy/My_baby_blue/Road_fixer/models/runs/detect/pothole) by extensions ['colcon_pkg']
[0.255s] Level 1:colcon.colcon_core.package_identification:_identify(/home/csy/My_baby_blue/Road_fixer/models/runs/detect/pothole) by extension 'colcon_pkg'
[0.255s] Level 1:colcon.colcon_core.package_identification:_identify(/home/csy/My_baby_blue/Road_fixer/models/runs/detect/pothole) by extensions ['colcon_meta']
[0.255s] Level 1:colcon.colcon_core.package_identification:_identify(/home/csy/My_baby_blue/Road_fixer/models/runs/detect/pothole) by extension 'colcon_meta'
[0.255s] Level 1:colcon.colcon_core.package_identification:_identify(/home/csy/My_baby_blue/Road_fixer/models/runs/detect/pothole) by extensions ['ros']
[0.255s] Level 1:colcon.colcon_core.package_identification:_identify(/home/csy/My_baby_blue/Road_fixer/models/runs/detect/pothole) by extension 'ros'
[0.255s] Level 1:colcon.colcon_core.package_identification:_identify(/home/csy/My_baby_blue/Road_fixer/models/runs/detect/pothole) by extensions ['cmake', 'python']
[0.255s] Level 1:colcon.colcon_core.package_identification:_identify(/home/csy/My_baby_blue/Road_fixer/models/runs/detect/pothole) by extension 'cmake'
[0.255s] Level 1:colcon.colcon_core.package_identification:_identify(/home/csy/My_baby_blue/Road_fixer/models/runs/detect/pothole) by extension 'python'
[0.255s] Level 1:colcon.colcon_core.package_identification:_identify(/home/csy/My_baby_blue/Road_fixer/models/runs/detect/pothole) by extensions ['python_setup_py']
[0.256s] Level 1:colcon.colcon_core.package_identification:_identify(/home/csy/My_baby_blue/Road_fixer/models/runs/detect/pothole) by extension 'python_setup_py'
[0.256s] Level 1:colcon.colcon_core.package_identification:_identify(/home/csy/My_baby_blue/Road_fixer/models/runs/detect/pothole/weights) by extensions ['ignore', 'ignore_ament_install']
[0.256s] Level 1:colcon.colcon_core.package_identification:_identify(/home/csy/My_baby_blue/Road_fixer/models/runs/detect/pothole/weights) by extension 'ignore'
[0.256s] Level 1:colcon.colcon_core.package_identification:_identify(/home/csy/My_baby_blue/Road_fixer/models/runs/detect/pothole/weights) by extension 'ignore_ament_install'
[0.256s] Level 1:colcon.colcon_core.package_identification:_identify(/home/csy/My_baby_blue/Road_fixer/models/runs/detect/pothole/weights) by extensions ['colcon_pkg']
[0.256s] Level 1:colcon.colcon_core.package_identification:_identify(/home/csy/My_baby_blue/Road_fixer/models/runs/detect/pothole/weights) by extension 'colcon_pkg'
[0.256s] Level 1:colcon.colcon_core.package_identification:_identify(/home/csy/My_baby_blue/Road_fixer/models/runs/detect/pothole/weights) by extensions ['colcon_meta']
[0.256s] Level 1:colcon.colcon_core.package_identification:_identify(/home/csy/My_baby_blue/Road_fixer/models/runs/detect/pothole/weights) by extension 'colcon_meta'
[0.256s] Level 1:colcon.colcon_core.package_identification:_identify(/home/csy/My_baby_blue/Road_fixer/models/runs/detect/pothole/weights) by extensions ['ros']
[0.256s] Level 1:colcon.colcon_core.package_identification:_identify(/home/csy/My_baby_blue/Road_fixer/models/runs/detect/pothole/weights) by extension 'ros'
[0.256s] Level 1:colcon.colcon_core.package_identification:_identify(/home/csy/My_baby_blue/Road_fixer/models/runs/detect/pothole/weights) by extensions ['cmake', 'python']
[0.256s] Level 1:colcon.colcon_core.package_identification:_identify(/home/csy/My_baby_blue/Road_fixer/models/runs/detect/pothole/weights) by extension 'cmake'
[0.256s] Level 1:colcon.colcon_core.package_identification:_identify(/home/csy/My_baby_blue/Road_fixer/models/runs/detect/pothole/weights) by extension 'python'
[0.256s] Level 1:colcon.colcon_core.package_identification:_identify(/home/csy/My_baby_blue/Road_fixer/models/runs/detect/pothole/weights) by extensions ['python_setup_py']
[0.256s] Level 1:colcon.colcon_core.package_identification:_identify(/home/csy/My_baby_blue/Road_fixer/models/runs/detect/pothole/weights) by extension 'python_setup_py'
[0.256s] Level 1:colcon.colcon_core.package_identification:_identify(/home/csy/My_baby_blue/Road_fixer/models/runs/detect/train) by extensions ['ignore', 'ignore_ament_install']
[0.257s] Level 1:colcon.colcon_core.package_identification:_identify(/home/csy/My_baby_blue/Road_fixer/models/runs/detect/train) by extension 'ignore'
[0.257s] Level 1:colcon.colcon_core.package_identification:_identify(/home/csy/My_baby_blue/Road_fixer/models/runs/detect/train) by extension 'ignore_ament_install'
[0.257s] Level 1:colcon.colcon_core.package_identification:_identify(/home/csy/My_baby_blue/Road_fixer/models/runs/detect/train) by extensions ['colcon_pkg']
[0.257s] Level 1:colcon.colcon_core.package_identification:_identify(/home/csy/My_baby_blue/Road_fixer/models/runs/detect/train) by extension 'colcon_pkg'
[0.257s] Level 1:colcon.colcon_core.package_identification:_identify(/home/csy/My_baby_blue/Road_fixer/models/runs/detect/train) by extensions ['colcon_meta']
[0.257s] Level 1:colcon.colcon_core.package_identification:_identify(/home/csy/My_baby_blue/Road_fixer/models/runs/detect/train) by extension 'colcon_meta'
[0.257s] Level 1:colcon.colcon_core.package_identification:_identify(/home/csy/My_baby_blue/Road_fixer/models/runs/detect/train) by extensions ['ros']
[0.257s] Level 1:colcon.colcon_core.package_identification:_identify(/home/csy/My_baby_blue/Road_fixer/models/runs/detect/train) by extension 'ros'
[0.257s] Level 1:colcon.colcon_core.package_identification:_identify(/home/csy/My_baby_blue/Road_fixer/models/runs/detect/train) by extensions ['cmake', 'python']
[0.257s] Level 1:colcon.colcon_core.package_identification:_identify(/home/csy/My_baby_blue/Road_fixer/models/runs/detect/train) by extension 'cmake'
[0.257s] Level 1:colcon.colcon_core.package_identification:_identify(/home/csy/My_baby_blue/Road_fixer/models/runs/detect/train) by extension 'python'
[0.257s] Level 1:colcon.colcon_core.package_identification:_identify(/home/csy/My_baby_blue/Road_fixer/models/runs/detect/train) by extensions ['python_setup_py']
[0.257s] Level 1:colcon.colcon_core.package_identification:_identify(/home/csy/My_baby_blue/Road_fixer/models/runs/detect/train) by extension 'python_setup_py'
[0.257s] Level 1:colcon.colcon_core.package_identification:_identify(/home/csy/My_baby_blue/Road_fixer/models/runs/detect/train/weights) by extensions ['ignore', 'ignore_ament_install']
[0.257s] Level 1:colcon.colcon_core.package_identification:_identify(/home/csy/My_baby_blue/Road_fixer/models/runs/detect/train/weights) by extension 'ignore'
[0.257s] Level 1:colcon.colcon_core.package_identification:_identify(/home/csy/My_baby_blue/Road_fixer/models/runs/detect/train/weights) by extension 'ignore_ament_install'
[0.257s] Level 1:colcon.colcon_core.package_identification:_identify(/home/csy/My_baby_blue/Road_fixer/models/runs/detect/train/weights) by extensions ['colcon_pkg']
[0.257s] Level 1:colcon.colcon_core.package_identification:_identify(/home/csy/My_baby_blue/Road_fixer/models/runs/detect/train/weights) by extension 'colcon_pkg'
[0.257s] Level 1:colcon.colcon_core.package_identification:_identify(/home/csy/My_baby_blue/Road_fixer/models/runs/detect/train/weights) by extensions ['colcon_meta']
[0.257s] Level 1:colcon.colcon_core.package_identification:_identify(/home/csy/My_baby_blue/Road_fixer/models/runs/detect/train/weights) by extension 'colcon_meta'
[0.257s] Level 1:colcon.colcon_core.package_identification:_identify(/home/csy/My_baby_blue/Road_fixer/models/runs/detect/train/weights) by extensions ['ros']
[0.257s] Level 1:colcon.colcon_core.package_identification:_identify(/home/csy/My_baby_blue/Road_fixer/models/runs/detect/train/weights) by extension 'ros'
[0.257s] Level 1:colcon.colcon_core.package_identification:_identify(/home/csy/My_baby_blue/Road_fixer/models/runs/detect/train/weights) by extensions ['cmake', 'python']
[0.257s] Level 1:colcon.colcon_core.package_identification:_identify(/home/csy/My_baby_blue/Road_fixer/models/runs/detect/train/weights) by extension 'cmake'
[0.257s] Level 1:colcon.colcon_core.package_identification:_identify(/home/csy/My_baby_blue/Road_fixer/models/runs/detect/train/weights) by extension 'python'
[0.258s] Level 1:colcon.colcon_core.package_identification:_identify(/home/csy/My_baby_blue/Road_fixer/models/runs/detect/train/weights) by extensions ['python_setup_py']
[0.258s] Level 1:colcon.colcon_core.package_identification:_identify(/home/csy/My_baby_blue/Road_fixer/models/runs/detect/train/weights) by extension 'python_setup_py'
[0.258s] Level 1:colcon.colcon_core.package_identification:_identify(/home/csy/My_baby_blue/Road_fixer/models/runs/detect/train2) by extensions ['ignore', 'ignore_ament_install']
[0.258s] Level 1:colcon.colcon_core.package_identification:_identify(/home/csy/My_baby_blue/Road_fixer/models/runs/detect/train2) by extension 'ignore'
[0.258s] Level 1:colcon.colcon_core.package_identification:_identify(/home/csy/My_baby_blue/Road_fixer/models/runs/detect/train2) by extension 'ignore_ament_install'
[0.258s] Level 1:colcon.colcon_core.package_identification:_identify(/home/csy/My_baby_blue/Road_fixer/models/runs/detect/train2) by extensions ['colcon_pkg']
[0.258s] Level 1:colcon.colcon_core.package_identification:_identify(/home/csy/My_baby_blue/Road_fixer/models/runs/detect/train2) by extension 'colcon_pkg'
[0.258s] Level 1:colcon.colcon_core.package_identification:_identify(/home/csy/My_baby_blue/Road_fixer/models/runs/detect/train2) by extensions ['colcon_meta']
[0.258s] Level 1:colcon.colcon_core.package_identification:_identify(/home/csy/My_baby_blue/Road_fixer/models/runs/detect/train2) by extension 'colcon_meta'
[0.258s] Level 1:colcon.colcon_core.package_identification:_identify(/home/csy/My_baby_blue/Road_fixer/models/runs/detect/train2) by extensions ['ros']
[0.258s] Level 1:colcon.colcon_core.package_identification:_identify(/home/csy/My_baby_blue/Road_fixer/models/runs/detect/train2) by extension 'ros'
[0.258s] Level 1:colcon.colcon_core.package_identification:_identify(/home/csy/My_baby_blue/Road_fixer/models/runs/detect/train2) by extensions ['cmake', 'python']
[0.258s] Level 1:colcon.colcon_core.package_identification:_identify(/home/csy/My_baby_blue/Road_fixer/models/runs/detect/train2) by extension 'cmake'
[0.258s] Level 1:colcon.colcon_core.package_identification:_identify(/home/csy/My_baby_blue/Road_fixer/models/runs/detect/train2) by extension 'python'
[0.258s] Level 1:colcon.colcon_core.package_identification:_identify(/home/csy/My_baby_blue/Road_fixer/models/runs/detect/train2) by extensions ['python_setup_py']
[0.258s] Level 1:colcon.colcon_core.package_identification:_identify(/home/csy/My_baby_blue/Road_fixer/models/runs/detect/train2) by extension 'python_setup_py'
[0.258s] Level 1:colcon.colcon_core.package_identification:_identify(/home/csy/My_baby_blue/Road_fixer/models/runs/detect/train2/weights) by extensions ['ignore', 'ignore_ament_install']
[0.258s] Level 1:colcon.colcon_core.package_identification:_identify(/home/csy/My_baby_blue/Road_fixer/models/runs/detect/train2/weights) by extension 'ignore'
[0.258s] Level 1:colcon.colcon_core.package_identification:_identify(/home/csy/My_baby_blue/Road_fixer/models/runs/detect/train2/weights) by extension 'ignore_ament_install'
[0.258s] Level 1:colcon.colcon_core.package_identification:_identify(/home/csy/My_baby_blue/Road_fixer/models/runs/detect/train2/weights) by extensions ['colcon_pkg']
[0.258s] Level 1:colcon.colcon_core.package_identification:_identify(/home/csy/My_baby_blue/Road_fixer/models/runs/detect/train2/weights) by extension 'colcon_pkg'
[0.258s] Level 1:colcon.colcon_core.package_identification:_identify(/home/csy/My_baby_blue/Road_fixer/models/runs/detect/train2/weights) by extensions ['colcon_meta']
[0.258s] Level 1:colcon.colcon_core.package_identification:_identify(/home/csy/My_baby_blue/Road_fixer/models/runs/detect/train2/weights) by extension 'colcon_meta'
[0.259s] Level 1:colcon.colcon_core.package_identification:_identify(/home/csy/My_baby_blue/Road_fixer/models/runs/detect/train2/weights) by extensions ['ros']
[0.259s] Level 1:colcon.colcon_core.package_identification:_identify(/home/csy/My_baby_blue/Road_fixer/models/runs/detect/train2/weights) by extension 'ros'
[0.259s] Level 1:colcon.colcon_core.package_identification:_identify(/home/csy/My_baby_blue/Road_fixer/models/runs/detect/train2/weights) by extensions ['cmake', 'python']
[0.259s] Level 1:colcon.colcon_core.package_identification:_identify(/home/csy/My_baby_blue/Road_fixer/models/runs/detect/train2/weights) by extension 'cmake'
[0.259s] Level 1:colcon.colcon_core.package_identification:_identify(/home/csy/My_baby_blue/Road_fixer/models/runs/detect/train2/weights) by extension 'python'
[0.259s] Level 1:colcon.colcon_core.package_identification:_identify(/home/csy/My_baby_blue/Road_fixer/models/runs/detect/train2/weights) by extensions ['python_setup_py']
[0.259s] Level 1:colcon.colcon_core.package_identification:_identify(/home/csy/My_baby_blue/Road_fixer/models/runs/detect/train2/weights) by extension 'python_setup_py'
[0.259s] Level 1:colcon.colcon_core.package_identification:_identify(/home/csy/My_baby_blue/Road_fixer/models/runs/detect/train4) by extensions ['ignore', 'ignore_ament_install']
[0.259s] Level 1:colcon.colcon_core.package_identification:_identify(/home/csy/My_baby_blue/Road_fixer/models/runs/detect/train4) by extension 'ignore'
[0.259s] Level 1:colcon.colcon_core.package_identification:_identify(/home/csy/My_baby_blue/Road_fixer/models/runs/detect/train4) by extension 'ignore_ament_install'
[0.259s] Level 1:colcon.colcon_core.package_identification:_identify(/home/csy/My_baby_blue/Road_fixer/models/runs/detect/train4) by extensions ['colcon_pkg']
[0.259s] Level 1:colcon.colcon_core.package_identification:_identify(/home/csy/My_baby_blue/Road_fixer/models/runs/detect/train4) by extension 'colcon_pkg'
[0.259s] Level 1:colcon.colcon_core.package_identification:_identify(/home/csy/My_baby_blue/Road_fixer/models/runs/detect/train4) by extensions ['colcon_meta']
[0.259s] Level 1:colcon.colcon_core.package_identification:_identify(/home/csy/My_baby_blue/Road_fixer/models/runs/detect/train4) by extension 'colcon_meta'
[0.259s] Level 1:colcon.colcon_core.package_identification:_identify(/home/csy/My_baby_blue/Road_fixer/models/runs/detect/train4) by extensions ['ros']
[0.259s] Level 1:colcon.colcon_core.package_identification:_identify(/home/csy/My_baby_blue/Road_fixer/models/runs/detect/train4) by extension 'ros'
[0.259s] Level 1:colcon.colcon_core.package_identification:_identify(/home/csy/My_baby_blue/Road_fixer/models/runs/detect/train4) by extensions ['cmake', 'python']
[0.259s] Level 1:colcon.colcon_core.package_identification:_identify(/home/csy/My_baby_blue/Road_fixer/models/runs/detect/train4) by extension 'cmake'
[0.259s] Level 1:colcon.colcon_core.package_identification:_identify(/home/csy/My_baby_blue/Road_fixer/models/runs/detect/train4) by extension 'python'
[0.259s] Level 1:colcon.colcon_core.package_identification:_identify(/home/csy/My_baby_blue/Road_fixer/models/runs/detect/train4) by extensions ['python_setup_py']
[0.259s] Level 1:colcon.colcon_core.package_identification:_identify(/home/csy/My_baby_blue/Road_fixer/models/runs/detect/train4) by extension 'python_setup_py'
[0.260s] Level 1:colcon.colcon_core.package_identification:_identify(/home/csy/My_baby_blue/Road_fixer/models/runs/detect/train4/weights) by extensions ['ignore', 'ignore_ament_install']
[0.260s] Level 1:colcon.colcon_core.package_identification:_identify(/home/csy/My_baby_blue/Road_fixer/models/runs/detect/train4/weights) by extension 'ignore'
[0.260s] Level 1:colcon.colcon_core.package_identification:_identify(/home/csy/My_baby_blue/Road_fixer/models/runs/detect/train4/weights) by extension 'ignore_ament_install'
[0.260s] Level 1:colcon.colcon_core.package_identification:_identify(/home/csy/My_baby_blue/Road_fixer/models/runs/detect/train4/weights) by extensions ['colcon_pkg']
[0.260s] Level 1:colcon.colcon_core.package_identification:_identify(/home/csy/My_baby_blue/Road_fixer/models/runs/detect/train4/weights) by extension 'colcon_pkg'
[0.260s] Level 1:colcon.colcon_core.package_identification:_identify(/home/csy/My_baby_blue/Road_fixer/models/runs/detect/train4/weights) by extensions ['colcon_meta']
[0.260s] Level 1:colcon.colcon_core.package_identification:_identify(/home/csy/My_baby_blue/Road_fixer/models/runs/detect/train4/weights) by extension 'colcon_meta'
[0.260s] Level 1:colcon.colcon_core.package_identification:_identify(/home/csy/My_baby_blue/Road_fixer/models/runs/detect/train4/weights) by extensions ['ros']
[0.260s] Level 1:colcon.colcon_core.package_identification:_identify(/home/csy/My_baby_blue/Road_fixer/models/runs/detect/train4/weights) by extension 'ros'
[0.260s] Level 1:colcon.colcon_core.package_identification:_identify(/home/csy/My_baby_blue/Road_fixer/models/runs/detect/train4/weights) by extensions ['cmake', 'python']
[0.260s] Level 1:colcon.colcon_core.package_identification:_identify(/home/csy/My_baby_blue/Road_fixer/models/runs/detect/train4/weights) by extension 'cmake'
[0.260s] Level 1:colcon.colcon_core.package_identification:_identify(/home/csy/My_baby_blue/Road_fixer/models/runs/detect/train4/weights) by extension 'python'
[0.260s] Level 1:colcon.colcon_core.package_identification:_identify(/home/csy/My_baby_blue/Road_fixer/models/runs/detect/train4/weights) by extensions ['python_setup_py']
[0.260s] Level 1:colcon.colcon_core.package_identification:_identify(/home/csy/My_baby_blue/Road_fixer/models/runs/detect/train4/weights) by extension 'python_setup_py'
[0.260s] Level 1:colcon.colcon_core.package_identification:_identify(/home/csy/My_baby_blue/Road_fixer/models/runs/segment) by extensions ['ignore', 'ignore_ament_install']
[0.260s] Level 1:colcon.colcon_core.package_identification:_identify(/home/csy/My_baby_blue/Road_fixer/models/runs/segment) by extension 'ignore'
[0.260s] Level 1:colcon.colcon_core.package_identification:_identify(/home/csy/My_baby_blue/Road_fixer/models/runs/segment) by extension 'ignore_ament_install'
[0.260s] Level 1:colcon.colcon_core.package_identification:_identify(/home/csy/My_baby_blue/Road_fixer/models/runs/segment) by extensions ['colcon_pkg']
[0.260s] Level 1:colcon.colcon_core.package_identification:_identify(/home/csy/My_baby_blue/Road_fixer/models/runs/segment) by extension 'colcon_pkg'
[0.260s] Level 1:colcon.colcon_core.package_identification:_identify(/home/csy/My_baby_blue/Road_fixer/models/runs/segment) by extensions ['colcon_meta']
[0.260s] Level 1:colcon.colcon_core.package_identification:_identify(/home/csy/My_baby_blue/Road_fixer/models/runs/segment) by extension 'colcon_meta'
[0.260s] Level 1:colcon.colcon_core.package_identification:_identify(/home/csy/My_baby_blue/Road_fixer/models/runs/segment) by extensions ['ros']
[0.260s] Level 1:colcon.colcon_core.package_identification:_identify(/home/csy/My_baby_blue/Road_fixer/models/runs/segment) by extension 'ros'
[0.260s] Level 1:colcon.colcon_core.package_identification:_identify(/home/csy/My_baby_blue/Road_fixer/models/runs/segment) by extensions ['cmake', 'python']
[0.261s] Level 1:colcon.colcon_core.package_identification:_identify(/home/csy/My_baby_blue/Road_fixer/models/runs/segment) by extension 'cmake'
[0.261s] Level 1:colcon.colcon_core.package_identification:_identify(/home/csy/My_baby_blue/Road_fixer/models/runs/segment) by extension 'python'
[0.261s] Level 1:colcon.colcon_core.package_identification:_identify(/home/csy/My_baby_blue/Road_fixer/models/runs/segment) by extensions ['python_setup_py']
[0.261s] Level 1:colcon.colcon_core.package_identification:_identify(/home/csy/My_baby_blue/Road_fixer/models/runs/segment) by extension 'python_setup_py'
[0.261s] Level 1:colcon.colcon_core.package_identification:_identify(/home/csy/My_baby_blue/Road_fixer/models/runs/segment/train) by extensions ['ignore', 'ignore_ament_install']
[0.261s] Level 1:colcon.colcon_core.package_identification:_identify(/home/csy/My_baby_blue/Road_fixer/models/runs/segment/train) by extension 'ignore'
[0.261s] Level 1:colcon.colcon_core.package_identification:_identify(/home/csy/My_baby_blue/Road_fixer/models/runs/segment/train) by extension 'ignore_ament_install'
[0.261s] Level 1:colcon.colcon_core.package_identification:_identify(/home/csy/My_baby_blue/Road_fixer/models/runs/segment/train) by extensions ['colcon_pkg']
[0.261s] Level 1:colcon.colcon_core.package_identification:_identify(/home/csy/My_baby_blue/Road_fixer/models/runs/segment/train) by extension 'colcon_pkg'
[0.261s] Level 1:colcon.colcon_core.package_identification:_identify(/home/csy/My_baby_blue/Road_fixer/models/runs/segment/train) by extensions ['colcon_meta']
[0.261s] Level 1:colcon.colcon_core.package_identification:_identify(/home/csy/My_baby_blue/Road_fixer/models/runs/segment/train) by extension 'colcon_meta'
[0.261s] Level 1:colcon.colcon_core.package_identification:_identify(/home/csy/My_baby_blue/Road_fixer/models/runs/segment/train) by extensions ['ros']
[0.261s] Level 1:colcon.colcon_core.package_identification:_identify(/home/csy/My_baby_blue/Road_fixer/models/runs/segment/train) by extension 'ros'
[0.261s] Level 1:colcon.colcon_core.package_identification:_identify(/home/csy/My_baby_blue/Road_fixer/models/runs/segment/train) by extensions ['cmake', 'python']
[0.261s] Level 1:colcon.colcon_core.package_identification:_identify(/home/csy/My_baby_blue/Road_fixer/models/runs/segment/train) by extension 'cmake'
[0.261s] Level 1:colcon.colcon_core.package_identification:_identify(/home/csy/My_baby_blue/Road_fixer/models/runs/segment/train) by extension 'python'
[0.261s] Level 1:colcon.colcon_core.package_identification:_identify(/home/csy/My_baby_blue/Road_fixer/models/runs/segment/train) by extensions ['python_setup_py']
[0.261s] Level 1:colcon.colcon_core.package_identification:_identify(/home/csy/My_baby_blue/Road_fixer/models/runs/segment/train) by extension 'python_setup_py'
[0.261s] Level 1:colcon.colcon_core.package_identification:_identify(/home/csy/My_baby_blue/Road_fixer/models/runs/segment/train/weights) by extensions ['ignore', 'ignore_ament_install']
[0.261s] Level 1:colcon.colcon_core.package_identification:_identify(/home/csy/My_baby_blue/Road_fixer/models/runs/segment/train/weights) by extension 'ignore'
[0.261s] Level 1:colcon.colcon_core.package_identification:_identify(/home/csy/My_baby_blue/Road_fixer/models/runs/segment/train/weights) by extension 'ignore_ament_install'
[0.262s] Level 1:colcon.colcon_core.package_identification:_identify(/home/csy/My_baby_blue/Road_fixer/models/runs/segment/train/weights) by extensions ['colcon_pkg']
[0.262s] Level 1:colcon.colcon_core.package_identification:_identify(/home/csy/My_baby_blue/Road_fixer/models/runs/segment/train/weights) by extension 'colcon_pkg'
[0.262s] Level 1:colcon.colcon_core.package_identification:_identify(/home/csy/My_baby_blue/Road_fixer/models/runs/segment/train/weights) by extensions ['colcon_meta']
[0.262s] Level 1:colcon.colcon_core.package_identification:_identify(/home/csy/My_baby_blue/Road_fixer/models/runs/segment/train/weights) by extension 'colcon_meta'
[0.262s] Level 1:colcon.colcon_core.package_identification:_identify(/home/csy/My_baby_blue/Road_fixer/models/runs/segment/train/weights) by extensions ['ros']
[0.262s] Level 1:colcon.colcon_core.package_identification:_identify(/home/csy/My_baby_blue/Road_fixer/models/runs/segment/train/weights) by extension 'ros'
[0.262s] Level 1:colcon.colcon_core.package_identification:_identify(/home/csy/My_baby_blue/Road_fixer/models/runs/segment/train/weights) by extensions ['cmake', 'python']
[0.262s] Level 1:colcon.colcon_core.package_identification:_identify(/home/csy/My_baby_blue/Road_fixer/models/runs/segment/train/weights) by extension 'cmake'
[0.262s] Level 1:colcon.colcon_core.package_identification:_identify(/home/csy/My_baby_blue/Road_fixer/models/runs/segment/train/weights) by extension 'python'
[0.262s] Level 1:colcon.colcon_core.package_identification:_identify(/home/csy/My_baby_blue/Road_fixer/models/runs/segment/train/weights) by extensions ['python_setup_py']
[0.262s] Level 1:colcon.colcon_core.package_identification:_identify(/home/csy/My_baby_blue/Road_fixer/models/runs/segment/train/weights) by extension 'python_setup_py'
[0.262s] Level 1:colcon.colcon_core.package_identification:_identify(/home/csy/My_baby_blue/Road_fixer/models/runs/segment/train2) by extensions ['ignore', 'ignore_ament_install']
[0.262s] Level 1:colcon.colcon_core.package_identification:_identify(/home/csy/My_baby_blue/Road_fixer/models/runs/segment/train2) by extension 'ignore'
[0.262s] Level 1:colcon.colcon_core.package_identification:_identify(/home/csy/My_baby_blue/Road_fixer/models/runs/segment/train2) by extension 'ignore_ament_install'
[0.262s] Level 1:colcon.colcon_core.package_identification:_identify(/home/csy/My_baby_blue/Road_fixer/models/runs/segment/train2) by extensions ['colcon_pkg']
[0.262s] Level 1:colcon.colcon_core.package_identification:_identify(/home/csy/My_baby_blue/Road_fixer/models/runs/segment/train2) by extension 'colcon_pkg'
[0.262s] Level 1:colcon.colcon_core.package_identification:_identify(/home/csy/My_baby_blue/Road_fixer/models/runs/segment/train2) by extensions ['colcon_meta']
[0.262s] Level 1:colcon.colcon_core.package_identification:_identify(/home/csy/My_baby_blue/Road_fixer/models/runs/segment/train2) by extension 'colcon_meta'
[0.262s] Level 1:colcon.colcon_core.package_identification:_identify(/home/csy/My_baby_blue/Road_fixer/models/runs/segment/train2) by extensions ['ros']
[0.262s] Level 1:colcon.colcon_core.package_identification:_identify(/home/csy/My_baby_blue/Road_fixer/models/runs/segment/train2) by extension 'ros'
[0.262s] Level 1:colcon.colcon_core.package_identification:_identify(/home/csy/My_baby_blue/Road_fixer/models/runs/segment/train2) by extensions ['cmake', 'python']
[0.262s] Level 1:colcon.colcon_core.package_identification:_identify(/home/csy/My_baby_blue/Road_fixer/models/runs/segment/train2) by extension 'cmake'
[0.262s] Level 1:colcon.colcon_core.package_identification:_identify(/home/csy/My_baby_blue/Road_fixer/models/runs/segment/train2) by extension 'python'
[0.262s] Level 1:colcon.colcon_core.package_identification:_identify(/home/csy/My_baby_blue/Road_fixer/models/runs/segment/train2) by extensions ['python_setup_py']
[0.262s] Level 1:colcon.colcon_core.package_identification:_identify(/home/csy/My_baby_blue/Road_fixer/models/runs/segment/train2) by extension 'python_setup_py'
[0.263s] Level 1:colcon.colcon_core.package_identification:_identify(/home/csy/My_baby_blue/Road_fixer/models/runs/segment/train2/weights) by extensions ['ignore', 'ignore_ament_install']
[0.263s] Level 1:colcon.colcon_core.package_identification:_identify(/home/csy/My_baby_blue/Road_fixer/models/runs/segment/train2/weights) by extension 'ignore'
[0.263s] Level 1:colcon.colcon_core.package_identification:_identify(/home/csy/My_baby_blue/Road_fixer/models/runs/segment/train2/weights) by extension 'ignore_ament_install'
[0.263s] Level 1:colcon.colcon_core.package_identification:_identify(/home/csy/My_baby_blue/Road_fixer/models/runs/segment/train2/weights) by extensions ['colcon_pkg']
[0.263s] Level 1:colcon.colcon_core.package_identification:_identify(/home/csy/My_baby_blue/Road_fixer/models/runs/segment/train2/weights) by extension 'colcon_pkg'
[0.263s] Level 1:colcon.colcon_core.package_identification:_identify(/home/csy/My_baby_blue/Road_fixer/models/runs/segment/train2/weights) by extensions ['colcon_meta']
[0.263s] Level 1:colcon.colcon_core.package_identification:_identify(/home/csy/My_baby_blue/Road_fixer/models/runs/segment/train2/weights) by extension 'colcon_meta'
[0.263s] Level 1:colcon.colcon_core.package_identification:_identify(/home/csy/My_baby_blue/Road_fixer/models/runs/segment/train2/weights) by extensions ['ros']
[0.263s] Level 1:colcon.colcon_core.package_identification:_identify(/home/csy/My_baby_blue/Road_fixer/models/runs/segment/train2/weights) by extension 'ros'
[0.263s] Level 1:colcon.colcon_core.package_identification:_identify(/home/csy/My_baby_blue/Road_fixer/models/runs/segment/train2/weights) by extensions ['cmake', 'python']
[0.263s] Level 1:colcon.colcon_core.package_identification:_identify(/home/csy/My_baby_blue/Road_fixer/models/runs/segment/train2/weights) by extension 'cmake'
[0.263s] Level 1:colcon.colcon_core.package_identification:_identify(/home/csy/My_baby_blue/Road_fixer/models/runs/segment/train2/weights) by extension 'python'
[0.263s] Level 1:colcon.colcon_core.package_identification:_identify(/home/csy/My_baby_blue/Road_fixer/models/runs/segment/train2/weights) by extensions ['python_setup_py']
[0.263s] Level 1:colcon.colcon_core.package_identification:_identify(/home/csy/My_baby_blue/Road_fixer/models/runs/segment/train2/weights) by extension 'python_setup_py'
[0.263s] Level 1:colcon.colcon_core.package_identification:_identify(/home/csy/My_baby_blue/Road_fixer/src) by extensions ['ignore', 'ignore_ament_install']
[0.263s] Level 1:colcon.colcon_core.package_identification:_identify(/home/csy/My_baby_blue/Road_fixer/src) by extension 'ignore'
[0.263s] Level 1:colcon.colcon_core.package_identification:_identify(/home/csy/My_baby_blue/Road_fixer/src) by extension 'ignore_ament_install'
[0.264s] Level 1:colcon.colcon_core.package_identification:_identify(/home/csy/My_baby_blue/Road_fixer/src) by extensions ['colcon_pkg']
[0.264s] Level 1:colcon.colcon_core.package_identification:_identify(/home/csy/My_baby_blue/Road_fixer/src) by extension 'colcon_pkg'
[0.264s] Level 1:colcon.colcon_core.package_identification:_identify(/home/csy/My_baby_blue/Road_fixer/src) by extensions ['colcon_meta']
[0.264s] Level 1:colcon.colcon_core.package_identification:_identify(/home/csy/My_baby_blue/Road_fixer/src) by extension 'colcon_meta'
[0.264s] Level 1:colcon.colcon_core.package_identification:_identify(/home/csy/My_baby_blue/Road_fixer/src) by extensions ['ros']
[0.264s] Level 1:colcon.colcon_core.package_identification:_identify(/home/csy/My_baby_blue/Road_fixer/src) by extension 'ros'
[0.264s] Level 1:colcon.colcon_core.package_identification:_identify(/home/csy/My_baby_blue/Road_fixer/src) by extensions ['cmake', 'python']
[0.264s] Level 1:colcon.colcon_core.package_identification:_identify(/home/csy/My_baby_blue/Road_fixer/src) by extension 'cmake'
[0.264s] Level 1:colcon.colcon_core.package_identification:_identify(/home/csy/My_baby_blue/Road_fixer/src) by extension 'python'
[0.264s] Level 1:colcon.colcon_core.package_identification:_identify(/home/csy/My_baby_blue/Road_fixer/src) by extensions ['python_setup_py']
[0.264s] Level 1:colcon.colcon_core.package_identification:_identify(/home/csy/My_baby_blue/Road_fixer/src) by extension 'python_setup_py'
[0.264s] Level 1:colcon.colcon_core.package_identification:_identify(/home/csy/My_baby_blue/Road_fixer/src/classify_and_get_depth) by extensions ['ignore', 'ignore_ament_install']
[0.264s] Level 1:colcon.colcon_core.package_identification:_identify(/home/csy/My_baby_blue/Road_fixer/src/classify_and_get_depth) by extension 'ignore'
[0.264s] Level 1:colcon.colcon_core.package_identification:_identify(/home/csy/My_baby_blue/Road_fixer/src/classify_and_get_depth) by extension 'ignore_ament_install'
[0.264s] Level 1:colcon.colcon_core.package_identification:_identify(/home/csy/My_baby_blue/Road_fixer/src/classify_and_get_depth) by extensions ['colcon_pkg']
[0.264s] Level 1:colcon.colcon_core.package_identification:_identify(/home/csy/My_baby_blue/Road_fixer/src/classify_and_get_depth) by extension 'colcon_pkg'
[0.264s] Level 1:colcon.colcon_core.package_identification:_identify(/home/csy/My_baby_blue/Road_fixer/src/classify_and_get_depth) by extensions ['colcon_meta']
[0.264s] Level 1:colcon.colcon_core.package_identification:_identify(/home/csy/My_baby_blue/Road_fixer/src/classify_and_get_depth) by extension 'colcon_meta'
[0.264s] Level 1:colcon.colcon_core.package_identification:_identify(/home/csy/My_baby_blue/Road_fixer/src/classify_and_get_depth) by extensions ['ros']
[0.264s] Level 1:colcon.colcon_core.package_identification:_identify(/home/csy/My_baby_blue/Road_fixer/src/classify_and_get_depth) by extension 'ros'
[0.267s] DEBUG:colcon.colcon_core.package_identification:Package '/home/csy/My_baby_blue/Road_fixer/src/classify_and_get_depth' with type 'ros.ament_python' and name 'classify_and_get_depth'
[0.267s] Level 1:colcon.colcon_core.package_discovery:discover_packages(recursive) using defaults
