/home/csy/My_baby_blue/Road_fixer/install/classify_and_get_depth/lib/python3.10/site-packages/classify_and_get_depth/ft_yolov11.py
/home/csy/My_baby_blue/Road_fixer/install/classify_and_get_depth/lib/python3.10/site-packages/classify_and_get_depth/test.py
/home/csy/My_baby_blue/Road_fixer/install/classify_and_get_depth/lib/python3.10/site-packages/classify_and_get_depth/validate.py
/home/csy/My_baby_blue/Road_fixer/install/classify_and_get_depth/lib/python3.10/site-packages/classify_and_get_depth/test_for_HoughLines.py
/home/csy/My_baby_blue/Road_fixer/install/classify_and_get_depth/lib/python3.10/site-packages/classify_and_get_depth/test_preprocess_block_straight.py
/home/csy/My_baby_blue/Road_fixer/install/classify_and_get_depth/lib/python3.10/site-packages/classify_and_get_depth/motion_planning.py
/home/csy/My_baby_blue/Road_fixer/install/classify_and_get_depth/lib/python3.10/site-packages/classify_and_get_depth/__init__.py
/home/csy/My_baby_blue/Road_fixer/install/classify_and_get_depth/lib/python3.10/site-packages/classify_and_get_depth/filter_staright_lines.py
/home/csy/My_baby_blue/Road_fixer/install/classify_and_get_depth/lib/python3.10/site-packages/classify_and_get_depth/nodes/motion_planning_node.py
/home/csy/My_baby_blue/Road_fixer/install/classify_and_get_depth/lib/python3.10/site-packages/classify_and_get_depth/nodes/crack_detector_node.py
/home/csy/My_baby_blue/Road_fixer/install/classify_and_get_depth/lib/python3.10/site-packages/classify_and_get_depth/nodes/__init__.py
/home/csy/My_baby_blue/Road_fixer/install/classify_and_get_depth/lib/python3.10/site-packages/classify_and_get_depth/__pycache__/ft_yolov11.cpython-310.pyc
/home/csy/My_baby_blue/Road_fixer/install/classify_and_get_depth/lib/python3.10/site-packages/classify_and_get_depth/__pycache__/test.cpython-310.pyc
/home/csy/My_baby_blue/Road_fixer/install/classify_and_get_depth/lib/python3.10/site-packages/classify_and_get_depth/__pycache__/validate.cpython-310.pyc
/home/csy/My_baby_blue/Road_fixer/install/classify_and_get_depth/lib/python3.10/site-packages/classify_and_get_depth/__pycache__/test_for_HoughLines.cpython-310.pyc
/home/csy/My_baby_blue/Road_fixer/install/classify_and_get_depth/lib/python3.10/site-packages/classify_and_get_depth/__pycache__/test_preprocess_block_straight.cpython-310.pyc
/home/csy/My_baby_blue/Road_fixer/install/classify_and_get_depth/lib/python3.10/site-packages/classify_and_get_depth/__pycache__/motion_planning.cpython-310.pyc
/home/csy/My_baby_blue/Road_fixer/install/classify_and_get_depth/lib/python3.10/site-packages/classify_and_get_depth/__pycache__/__init__.cpython-310.pyc
/home/csy/My_baby_blue/Road_fixer/install/classify_and_get_depth/lib/python3.10/site-packages/classify_and_get_depth/__pycache__/filter_staright_lines.cpython-310.pyc
/home/csy/My_baby_blue/Road_fixer/install/classify_and_get_depth/lib/python3.10/site-packages/classify_and_get_depth/nodes/__pycache__/motion_planning_node.cpython-310.pyc
/home/csy/My_baby_blue/Road_fixer/install/classify_and_get_depth/lib/python3.10/site-packages/classify_and_get_depth/nodes/__pycache__/crack_detector_node.cpython-310.pyc
/home/csy/My_baby_blue/Road_fixer/install/classify_and_get_depth/lib/python3.10/site-packages/classify_and_get_depth/nodes/__pycache__/__init__.cpython-310.pyc
/home/csy/My_baby_blue/Road_fixer/install/classify_and_get_depth/share/ament_index/resource_index/packages/classify_and_get_depth
/home/csy/My_baby_blue/Road_fixer/install/classify_and_get_depth/share/classify_and_get_depth/package.xml
/home/csy/My_baby_blue/Road_fixer/install/classify_and_get_depth/share/classify_and_get_depth/launch
/home/csy/My_baby_blue/Road_fixer/install/classify_and_get_depth/share/classify_and_get_depth/config/crack-seg.yaml
/home/csy/My_baby_blue/Road_fixer/install/classify_and_get_depth/lib/python3.10/site-packages/classify_and_get_depth-0.1.0-py3.10.egg-info/top_level.txt
/home/csy/My_baby_blue/Road_fixer/install/classify_and_get_depth/lib/python3.10/site-packages/classify_and_get_depth-0.1.0-py3.10.egg-info/dependency_links.txt
/home/csy/My_baby_blue/Road_fixer/install/classify_and_get_depth/lib/python3.10/site-packages/classify_and_get_depth-0.1.0-py3.10.egg-info/entry_points.txt
/home/csy/My_baby_blue/Road_fixer/install/classify_and_get_depth/lib/python3.10/site-packages/classify_and_get_depth-0.1.0-py3.10.egg-info/zip-safe
/home/csy/My_baby_blue/Road_fixer/install/classify_and_get_depth/lib/python3.10/site-packages/classify_and_get_depth-0.1.0-py3.10.egg-info/requires.txt
/home/csy/My_baby_blue/Road_fixer/install/classify_and_get_depth/lib/python3.10/site-packages/classify_and_get_depth-0.1.0-py3.10.egg-info/PKG-INFO
/home/csy/My_baby_blue/Road_fixer/install/classify_and_get_depth/lib/python3.10/site-packages/classify_and_get_depth-0.1.0-py3.10.egg-info/SOURCES.txt
/home/csy/My_baby_blue/Road_fixer/install/classify_and_get_depth/lib/classify_and_get_depth/crack_detector_node
/home/csy/My_baby_blue/Road_fixer/install/classify_and_get_depth/lib/classify_and_get_depth/motion_planning_node
