[0.075s] DEBUG:colcon:Command line arguments: ['/usr/bin/colcon', 'build']
[0.075s] DEBUG:colcon:Parsed command line arguments: Namespace(log_base=None, log_level=None, verb_name='build', build_base='build', install_base='install', merge_install=False, symlink_install=False, test_result_base=None, continue_on_error=False, executor='parallel', parallel_workers=16, event_handlers=None, ignore_user_meta=False, metas=['./colcon.meta'], base_paths=['.'], packages_ignore=None, packages_ignore_regex=None, paths=None, packages_up_to=None, packages_up_to_regex=None, packages_above=None, packages_above_and_dependencies=None, packages_above_depth=None, packages_select_by_dep=None, packages_skip_by_dep=None, packages_skip_up_to=None, packages_select_build_failed=False, packages_skip_build_finished=False, packages_select_test_failures=False, packages_skip_test_passed=False, packages_select=None, packages_skip=None, packages_select_regex=None, packages_skip_regex=None, packages_start=None, packages_end=None, allow_overriding=[], cmake_args=None, cmake_target=None, cmake_target_skip_unavailable=False, cmake_clean_cache=False, cmake_clean_first=False, cmake_force_configure=False, ament_cmake_args=None, catkin_cmake_args=None, catkin_skip_building_tests=False, verb_parser=<colcon_defaults.argument_parser.defaults.DefaultArgumentsDecorator object at 0x7b50aa11f550>, verb_extension=<colcon_core.verb.build.BuildVerb object at 0x7b50aa2689a0>, main=<bound method BuildVerb.main of <colcon_core.verb.build.BuildVerb object at 0x7b50aa2689a0>>)
[0.186s] Level 1:colcon.colcon_core.package_discovery:discover_packages(colcon_meta) check parameters
[0.186s] Level 1:colcon.colcon_core.package_discovery:discover_packages(recursive) check parameters
[0.186s] Level 1:colcon.colcon_core.package_discovery:discover_packages(ignore) check parameters
[0.186s] Level 1:colcon.colcon_core.package_discovery:discover_packages(path) check parameters
[0.186s] Level 1:colcon.colcon_core.package_discovery:discover_packages(colcon_meta) discover
[0.186s] Level 1:colcon.colcon_core.package_discovery:discover_packages(recursive) discover
[0.186s] INFO:colcon.colcon_core.package_discovery:Crawling recursively for packages in '/home/csy/My_baby_blue/Road_fixer'
[0.186s] Level 1:colcon.colcon_core.package_identification:_identify(.) by extensions ['ignore', 'ignore_ament_install']
[0.186s] Level 1:colcon.colcon_core.package_identification:_identify(.) by extension 'ignore'
[0.186s] Level 1:colcon.colcon_core.package_identification:_identify(.) by extension 'ignore_ament_install'
[0.187s] Level 1:colcon.colcon_core.package_identification:_identify(.) by extensions ['colcon_pkg']
[0.187s] Level 1:colcon.colcon_core.package_identification:_identify(.) by extension 'colcon_pkg'
[0.187s] Level 1:colcon.colcon_core.package_identification:_identify(.) by extensions ['colcon_meta']
[0.187s] Level 1:colcon.colcon_core.package_identification:_identify(.) by extension 'colcon_meta'
[0.187s] Level 1:colcon.colcon_core.package_identification:_identify(.) by extensions ['ros']
[0.187s] Level 1:colcon.colcon_core.package_identification:_identify(.) by extension 'ros'
[0.195s] Level 1:colcon.colcon_core.package_identification:_identify(.) by extensions ['cmake', 'python']
[0.195s] Level 1:colcon.colcon_core.package_identification:_identify(.) by extension 'cmake'
[0.195s] Level 1:colcon.colcon_core.package_identification:_identify(.) by extension 'python'
[0.195s] Level 1:colcon.colcon_core.package_identification:_identify(.) by extensions ['python_setup_py']
[0.195s] Level 1:colcon.colcon_core.package_identification:_identify(.) by extension 'python_setup_py'
[0.195s] Level 1:colcon.colcon_core.package_identification:_identify(build) by extensions ['ignore', 'ignore_ament_install']
[0.195s] Level 1:colcon.colcon_core.package_identification:_identify(build) by extension 'ignore'
[0.195s] Level 1:colcon.colcon_core.package_identification:_identify(build) ignored
[0.195s] Level 1:colcon.colcon_core.package_identification:_identify(install) by extensions ['ignore', 'ignore_ament_install']
[0.195s] Level 1:colcon.colcon_core.package_identification:_identify(install) by extension 'ignore'
[0.195s] Level 1:colcon.colcon_core.package_identification:_identify(install) ignored
[0.196s] Level 1:colcon.colcon_core.package_identification:_identify(log) by extensions ['ignore', 'ignore_ament_install']
[0.196s] Level 1:colcon.colcon_core.package_identification:_identify(log) by extension 'ignore'
[0.196s] Level 1:colcon.colcon_core.package_identification:_identify(log) ignored
[0.196s] Level 1:colcon.colcon_core.package_identification:_identify(models) by extensions ['ignore', 'ignore_ament_install']
[0.196s] Level 1:colcon.colcon_core.package_identification:_identify(models) by extension 'ignore'
[0.196s] Level 1:colcon.colcon_core.package_identification:_identify(models) by extension 'ignore_ament_install'
[0.196s] Level 1:colcon.colcon_core.package_identification:_identify(models) by extensions ['colcon_pkg']
[0.196s] Level 1:colcon.colcon_core.package_identification:_identify(models) by extension 'colcon_pkg'
[0.196s] Level 1:colcon.colcon_core.package_identification:_identify(models) by extensions ['colcon_meta']
[0.196s] Level 1:colcon.colcon_core.package_identification:_identify(models) by extension 'colcon_meta'
[0.196s] Level 1:colcon.colcon_core.package_identification:_identify(models) by extensions ['ros']
[0.196s] Level 1:colcon.colcon_core.package_identification:_identify(models) by extension 'ros'
[0.196s] Level 1:colcon.colcon_core.package_identification:_identify(models) by extensions ['cmake', 'python']
[0.196s] Level 1:colcon.colcon_core.package_identification:_identify(models) by extension 'cmake'
[0.196s] Level 1:colcon.colcon_core.package_identification:_identify(models) by extension 'python'
[0.196s] Level 1:colcon.colcon_core.package_identification:_identify(models) by extensions ['python_setup_py']
[0.196s] Level 1:colcon.colcon_core.package_identification:_identify(models) by extension 'python_setup_py'
[0.196s] Level 1:colcon.colcon_core.package_identification:_identify(models/runs) by extensions ['ignore', 'ignore_ament_install']
[0.196s] Level 1:colcon.colcon_core.package_identification:_identify(models/runs) by extension 'ignore'
[0.196s] Level 1:colcon.colcon_core.package_identification:_identify(models/runs) by extension 'ignore_ament_install'
[0.196s] Level 1:colcon.colcon_core.package_identification:_identify(models/runs) by extensions ['colcon_pkg']
[0.196s] Level 1:colcon.colcon_core.package_identification:_identify(models/runs) by extension 'colcon_pkg'
[0.196s] Level 1:colcon.colcon_core.package_identification:_identify(models/runs) by extensions ['colcon_meta']
[0.196s] Level 1:colcon.colcon_core.package_identification:_identify(models/runs) by extension 'colcon_meta'
[0.196s] Level 1:colcon.colcon_core.package_identification:_identify(models/runs) by extensions ['ros']
[0.197s] Level 1:colcon.colcon_core.package_identification:_identify(models/runs) by extension 'ros'
[0.197s] Level 1:colcon.colcon_core.package_identification:_identify(models/runs) by extensions ['cmake', 'python']
[0.197s] Level 1:colcon.colcon_core.package_identification:_identify(models/runs) by extension 'cmake'
[0.197s] Level 1:colcon.colcon_core.package_identification:_identify(models/runs) by extension 'python'
[0.197s] Level 1:colcon.colcon_core.package_identification:_identify(models/runs) by extensions ['python_setup_py']
[0.197s] Level 1:colcon.colcon_core.package_identification:_identify(models/runs) by extension 'python_setup_py'
[0.197s] Level 1:colcon.colcon_core.package_identification:_identify(models/runs/detect) by extensions ['ignore', 'ignore_ament_install']
[0.197s] Level 1:colcon.colcon_core.package_identification:_identify(models/runs/detect) by extension 'ignore'
[0.197s] Level 1:colcon.colcon_core.package_identification:_identify(models/runs/detect) by extension 'ignore_ament_install'
[0.197s] Level 1:colcon.colcon_core.package_identification:_identify(models/runs/detect) by extensions ['colcon_pkg']
[0.197s] Level 1:colcon.colcon_core.package_identification:_identify(models/runs/detect) by extension 'colcon_pkg'
[0.197s] Level 1:colcon.colcon_core.package_identification:_identify(models/runs/detect) by extensions ['colcon_meta']
[0.197s] Level 1:colcon.colcon_core.package_identification:_identify(models/runs/detect) by extension 'colcon_meta'
[0.197s] Level 1:colcon.colcon_core.package_identification:_identify(models/runs/detect) by extensions ['ros']
[0.197s] Level 1:colcon.colcon_core.package_identification:_identify(models/runs/detect) by extension 'ros'
[0.197s] Level 1:colcon.colcon_core.package_identification:_identify(models/runs/detect) by extensions ['cmake', 'python']
[0.197s] Level 1:colcon.colcon_core.package_identification:_identify(models/runs/detect) by extension 'cmake'
[0.197s] Level 1:colcon.colcon_core.package_identification:_identify(models/runs/detect) by extension 'python'
[0.197s] Level 1:colcon.colcon_core.package_identification:_identify(models/runs/detect) by extensions ['python_setup_py']
[0.197s] Level 1:colcon.colcon_core.package_identification:_identify(models/runs/detect) by extension 'python_setup_py'
[0.197s] Level 1:colcon.colcon_core.package_identification:_identify(models/runs/detect/crack_and_pothole) by extensions ['ignore', 'ignore_ament_install']
[0.197s] Level 1:colcon.colcon_core.package_identification:_identify(models/runs/detect/crack_and_pothole) by extension 'ignore'
[0.197s] Level 1:colcon.colcon_core.package_identification:_identify(models/runs/detect/crack_and_pothole) by extension 'ignore_ament_install'
[0.197s] Level 1:colcon.colcon_core.package_identification:_identify(models/runs/detect/crack_and_pothole) by extensions ['colcon_pkg']
[0.197s] Level 1:colcon.colcon_core.package_identification:_identify(models/runs/detect/crack_and_pothole) by extension 'colcon_pkg'
[0.197s] Level 1:colcon.colcon_core.package_identification:_identify(models/runs/detect/crack_and_pothole) by extensions ['colcon_meta']
[0.197s] Level 1:colcon.colcon_core.package_identification:_identify(models/runs/detect/crack_and_pothole) by extension 'colcon_meta'
[0.197s] Level 1:colcon.colcon_core.package_identification:_identify(models/runs/detect/crack_and_pothole) by extensions ['ros']
[0.198s] Level 1:colcon.colcon_core.package_identification:_identify(models/runs/detect/crack_and_pothole) by extension 'ros'
[0.198s] Level 1:colcon.colcon_core.package_identification:_identify(models/runs/detect/crack_and_pothole) by extensions ['cmake', 'python']
[0.198s] Level 1:colcon.colcon_core.package_identification:_identify(models/runs/detect/crack_and_pothole) by extension 'cmake'
[0.198s] Level 1:colcon.colcon_core.package_identification:_identify(models/runs/detect/crack_and_pothole) by extension 'python'
[0.198s] Level 1:colcon.colcon_core.package_identification:_identify(models/runs/detect/crack_and_pothole) by extensions ['python_setup_py']
[0.198s] Level 1:colcon.colcon_core.package_identification:_identify(models/runs/detect/crack_and_pothole) by extension 'python_setup_py'
[0.198s] Level 1:colcon.colcon_core.package_identification:_identify(models/runs/detect/crack_and_pothole/weights) by extensions ['ignore', 'ignore_ament_install']
[0.198s] Level 1:colcon.colcon_core.package_identification:_identify(models/runs/detect/crack_and_pothole/weights) by extension 'ignore'
[0.198s] Level 1:colcon.colcon_core.package_identification:_identify(models/runs/detect/crack_and_pothole/weights) by extension 'ignore_ament_install'
[0.198s] Level 1:colcon.colcon_core.package_identification:_identify(models/runs/detect/crack_and_pothole/weights) by extensions ['colcon_pkg']
[0.198s] Level 1:colcon.colcon_core.package_identification:_identify(models/runs/detect/crack_and_pothole/weights) by extension 'colcon_pkg'
[0.198s] Level 1:colcon.colcon_core.package_identification:_identify(models/runs/detect/crack_and_pothole/weights) by extensions ['colcon_meta']
[0.198s] Level 1:colcon.colcon_core.package_identification:_identify(models/runs/detect/crack_and_pothole/weights) by extension 'colcon_meta'
[0.198s] Level 1:colcon.colcon_core.package_identification:_identify(models/runs/detect/crack_and_pothole/weights) by extensions ['ros']
[0.198s] Level 1:colcon.colcon_core.package_identification:_identify(models/runs/detect/crack_and_pothole/weights) by extension 'ros'
[0.198s] Level 1:colcon.colcon_core.package_identification:_identify(models/runs/detect/crack_and_pothole/weights) by extensions ['cmake', 'python']
[0.198s] Level 1:colcon.colcon_core.package_identification:_identify(models/runs/detect/crack_and_pothole/weights) by extension 'cmake'
[0.198s] Level 1:colcon.colcon_core.package_identification:_identify(models/runs/detect/crack_and_pothole/weights) by extension 'python'
[0.198s] Level 1:colcon.colcon_core.package_identification:_identify(models/runs/detect/crack_and_pothole/weights) by extensions ['python_setup_py']
[0.198s] Level 1:colcon.colcon_core.package_identification:_identify(models/runs/detect/crack_and_pothole/weights) by extension 'python_setup_py'
[0.198s] Level 1:colcon.colcon_core.package_identification:_identify(models/runs/detect/pothole) by extensions ['ignore', 'ignore_ament_install']
[0.198s] Level 1:colcon.colcon_core.package_identification:_identify(models/runs/detect/pothole) by extension 'ignore'
[0.198s] Level 1:colcon.colcon_core.package_identification:_identify(models/runs/detect/pothole) by extension 'ignore_ament_install'
[0.198s] Level 1:colcon.colcon_core.package_identification:_identify(models/runs/detect/pothole) by extensions ['colcon_pkg']
[0.199s] Level 1:colcon.colcon_core.package_identification:_identify(models/runs/detect/pothole) by extension 'colcon_pkg'
[0.199s] Level 1:colcon.colcon_core.package_identification:_identify(models/runs/detect/pothole) by extensions ['colcon_meta']
[0.199s] Level 1:colcon.colcon_core.package_identification:_identify(models/runs/detect/pothole) by extension 'colcon_meta'
[0.199s] Level 1:colcon.colcon_core.package_identification:_identify(models/runs/detect/pothole) by extensions ['ros']
[0.199s] Level 1:colcon.colcon_core.package_identification:_identify(models/runs/detect/pothole) by extension 'ros'
[0.199s] Level 1:colcon.colcon_core.package_identification:_identify(models/runs/detect/pothole) by extensions ['cmake', 'python']
[0.199s] Level 1:colcon.colcon_core.package_identification:_identify(models/runs/detect/pothole) by extension 'cmake'
[0.199s] Level 1:colcon.colcon_core.package_identification:_identify(models/runs/detect/pothole) by extension 'python'
[0.199s] Level 1:colcon.colcon_core.package_identification:_identify(models/runs/detect/pothole) by extensions ['python_setup_py']
[0.199s] Level 1:colcon.colcon_core.package_identification:_identify(models/runs/detect/pothole) by extension 'python_setup_py'
[0.199s] Level 1:colcon.colcon_core.package_identification:_identify(models/runs/detect/pothole/weights) by extensions ['ignore', 'ignore_ament_install']
[0.199s] Level 1:colcon.colcon_core.package_identification:_identify(models/runs/detect/pothole/weights) by extension 'ignore'
[0.199s] Level 1:colcon.colcon_core.package_identification:_identify(models/runs/detect/pothole/weights) by extension 'ignore_ament_install'
[0.199s] Level 1:colcon.colcon_core.package_identification:_identify(models/runs/detect/pothole/weights) by extensions ['colcon_pkg']
[0.199s] Level 1:colcon.colcon_core.package_identification:_identify(models/runs/detect/pothole/weights) by extension 'colcon_pkg'
[0.199s] Level 1:colcon.colcon_core.package_identification:_identify(models/runs/detect/pothole/weights) by extensions ['colcon_meta']
[0.199s] Level 1:colcon.colcon_core.package_identification:_identify(models/runs/detect/pothole/weights) by extension 'colcon_meta'
[0.199s] Level 1:colcon.colcon_core.package_identification:_identify(models/runs/detect/pothole/weights) by extensions ['ros']
[0.199s] Level 1:colcon.colcon_core.package_identification:_identify(models/runs/detect/pothole/weights) by extension 'ros'
[0.199s] Level 1:colcon.colcon_core.package_identification:_identify(models/runs/detect/pothole/weights) by extensions ['cmake', 'python']
[0.199s] Level 1:colcon.colcon_core.package_identification:_identify(models/runs/detect/pothole/weights) by extension 'cmake'
[0.199s] Level 1:colcon.colcon_core.package_identification:_identify(models/runs/detect/pothole/weights) by extension 'python'
[0.199s] Level 1:colcon.colcon_core.package_identification:_identify(models/runs/detect/pothole/weights) by extensions ['python_setup_py']
[0.199s] Level 1:colcon.colcon_core.package_identification:_identify(models/runs/detect/pothole/weights) by extension 'python_setup_py'
[0.199s] Level 1:colcon.colcon_core.package_identification:_identify(models/runs/detect/train) by extensions ['ignore', 'ignore_ament_install']
[0.199s] Level 1:colcon.colcon_core.package_identification:_identify(models/runs/detect/train) by extension 'ignore'
[0.199s] Level 1:colcon.colcon_core.package_identification:_identify(models/runs/detect/train) by extension 'ignore_ament_install'
[0.200s] Level 1:colcon.colcon_core.package_identification:_identify(models/runs/detect/train) by extensions ['colcon_pkg']
[0.200s] Level 1:colcon.colcon_core.package_identification:_identify(models/runs/detect/train) by extension 'colcon_pkg'
[0.200s] Level 1:colcon.colcon_core.package_identification:_identify(models/runs/detect/train) by extensions ['colcon_meta']
[0.200s] Level 1:colcon.colcon_core.package_identification:_identify(models/runs/detect/train) by extension 'colcon_meta'
[0.200s] Level 1:colcon.colcon_core.package_identification:_identify(models/runs/detect/train) by extensions ['ros']
[0.200s] Level 1:colcon.colcon_core.package_identification:_identify(models/runs/detect/train) by extension 'ros'
[0.200s] Level 1:colcon.colcon_core.package_identification:_identify(models/runs/detect/train) by extensions ['cmake', 'python']
[0.200s] Level 1:colcon.colcon_core.package_identification:_identify(models/runs/detect/train) by extension 'cmake'
[0.200s] Level 1:colcon.colcon_core.package_identification:_identify(models/runs/detect/train) by extension 'python'
[0.200s] Level 1:colcon.colcon_core.package_identification:_identify(models/runs/detect/train) by extensions ['python_setup_py']
[0.200s] Level 1:colcon.colcon_core.package_identification:_identify(models/runs/detect/train) by extension 'python_setup_py'
[0.200s] Level 1:colcon.colcon_core.package_identification:_identify(models/runs/detect/train/weights) by extensions ['ignore', 'ignore_ament_install']
[0.200s] Level 1:colcon.colcon_core.package_identification:_identify(models/runs/detect/train/weights) by extension 'ignore'
[0.200s] Level 1:colcon.colcon_core.package_identification:_identify(models/runs/detect/train/weights) by extension 'ignore_ament_install'
[0.200s] Level 1:colcon.colcon_core.package_identification:_identify(models/runs/detect/train/weights) by extensions ['colcon_pkg']
[0.200s] Level 1:colcon.colcon_core.package_identification:_identify(models/runs/detect/train/weights) by extension 'colcon_pkg'
[0.200s] Level 1:colcon.colcon_core.package_identification:_identify(models/runs/detect/train/weights) by extensions ['colcon_meta']
[0.200s] Level 1:colcon.colcon_core.package_identification:_identify(models/runs/detect/train/weights) by extension 'colcon_meta'
[0.200s] Level 1:colcon.colcon_core.package_identification:_identify(models/runs/detect/train/weights) by extensions ['ros']
[0.200s] Level 1:colcon.colcon_core.package_identification:_identify(models/runs/detect/train/weights) by extension 'ros'
[0.200s] Level 1:colcon.colcon_core.package_identification:_identify(models/runs/detect/train/weights) by extensions ['cmake', 'python']
[0.200s] Level 1:colcon.colcon_core.package_identification:_identify(models/runs/detect/train/weights) by extension 'cmake'
[0.200s] Level 1:colcon.colcon_core.package_identification:_identify(models/runs/detect/train/weights) by extension 'python'
[0.200s] Level 1:colcon.colcon_core.package_identification:_identify(models/runs/detect/train/weights) by extensions ['python_setup_py']
[0.200s] Level 1:colcon.colcon_core.package_identification:_identify(models/runs/detect/train/weights) by extension 'python_setup_py'
[0.200s] Level 1:colcon.colcon_core.package_identification:_identify(models/runs/detect/train2) by extensions ['ignore', 'ignore_ament_install']
[0.200s] Level 1:colcon.colcon_core.package_identification:_identify(models/runs/detect/train2) by extension 'ignore'
[0.200s] Level 1:colcon.colcon_core.package_identification:_identify(models/runs/detect/train2) by extension 'ignore_ament_install'
[0.200s] Level 1:colcon.colcon_core.package_identification:_identify(models/runs/detect/train2) by extensions ['colcon_pkg']
[0.200s] Level 1:colcon.colcon_core.package_identification:_identify(models/runs/detect/train2) by extension 'colcon_pkg'
[0.201s] Level 1:colcon.colcon_core.package_identification:_identify(models/runs/detect/train2) by extensions ['colcon_meta']
[0.201s] Level 1:colcon.colcon_core.package_identification:_identify(models/runs/detect/train2) by extension 'colcon_meta'
[0.201s] Level 1:colcon.colcon_core.package_identification:_identify(models/runs/detect/train2) by extensions ['ros']
[0.201s] Level 1:colcon.colcon_core.package_identification:_identify(models/runs/detect/train2) by extension 'ros'
[0.201s] Level 1:colcon.colcon_core.package_identification:_identify(models/runs/detect/train2) by extensions ['cmake', 'python']
[0.201s] Level 1:colcon.colcon_core.package_identification:_identify(models/runs/detect/train2) by extension 'cmake'
[0.201s] Level 1:colcon.colcon_core.package_identification:_identify(models/runs/detect/train2) by extension 'python'
[0.201s] Level 1:colcon.colcon_core.package_identification:_identify(models/runs/detect/train2) by extensions ['python_setup_py']
[0.201s] Level 1:colcon.colcon_core.package_identification:_identify(models/runs/detect/train2) by extension 'python_setup_py'
[0.201s] Level 1:colcon.colcon_core.package_identification:_identify(models/runs/detect/train2/weights) by extensions ['ignore', 'ignore_ament_install']
[0.201s] Level 1:colcon.colcon_core.package_identification:_identify(models/runs/detect/train2/weights) by extension 'ignore'
[0.201s] Level 1:colcon.colcon_core.package_identification:_identify(models/runs/detect/train2/weights) by extension 'ignore_ament_install'
[0.201s] Level 1:colcon.colcon_core.package_identification:_identify(models/runs/detect/train2/weights) by extensions ['colcon_pkg']
[0.201s] Level 1:colcon.colcon_core.package_identification:_identify(models/runs/detect/train2/weights) by extension 'colcon_pkg'
[0.201s] Level 1:colcon.colcon_core.package_identification:_identify(models/runs/detect/train2/weights) by extensions ['colcon_meta']
[0.201s] Level 1:colcon.colcon_core.package_identification:_identify(models/runs/detect/train2/weights) by extension 'colcon_meta'
[0.201s] Level 1:colcon.colcon_core.package_identification:_identify(models/runs/detect/train2/weights) by extensions ['ros']
[0.201s] Level 1:colcon.colcon_core.package_identification:_identify(models/runs/detect/train2/weights) by extension 'ros'
[0.201s] Level 1:colcon.colcon_core.package_identification:_identify(models/runs/detect/train2/weights) by extensions ['cmake', 'python']
[0.201s] Level 1:colcon.colcon_core.package_identification:_identify(models/runs/detect/train2/weights) by extension 'cmake'
[0.201s] Level 1:colcon.colcon_core.package_identification:_identify(models/runs/detect/train2/weights) by extension 'python'
[0.201s] Level 1:colcon.colcon_core.package_identification:_identify(models/runs/detect/train2/weights) by extensions ['python_setup_py']
[0.201s] Level 1:colcon.colcon_core.package_identification:_identify(models/runs/detect/train2/weights) by extension 'python_setup_py'
[0.202s] Level 1:colcon.colcon_core.package_identification:_identify(models/runs/detect/train4) by extensions ['ignore', 'ignore_ament_install']
[0.202s] Level 1:colcon.colcon_core.package_identification:_identify(models/runs/detect/train4) by extension 'ignore'
[0.202s] Level 1:colcon.colcon_core.package_identification:_identify(models/runs/detect/train4) by extension 'ignore_ament_install'
[0.202s] Level 1:colcon.colcon_core.package_identification:_identify(models/runs/detect/train4) by extensions ['colcon_pkg']
[0.202s] Level 1:colcon.colcon_core.package_identification:_identify(models/runs/detect/train4) by extension 'colcon_pkg'
[0.202s] Level 1:colcon.colcon_core.package_identification:_identify(models/runs/detect/train4) by extensions ['colcon_meta']
[0.202s] Level 1:colcon.colcon_core.package_identification:_identify(models/runs/detect/train4) by extension 'colcon_meta'
[0.202s] Level 1:colcon.colcon_core.package_identification:_identify(models/runs/detect/train4) by extensions ['ros']
[0.202s] Level 1:colcon.colcon_core.package_identification:_identify(models/runs/detect/train4) by extension 'ros'
[0.202s] Level 1:colcon.colcon_core.package_identification:_identify(models/runs/detect/train4) by extensions ['cmake', 'python']
[0.202s] Level 1:colcon.colcon_core.package_identification:_identify(models/runs/detect/train4) by extension 'cmake'
[0.202s] Level 1:colcon.colcon_core.package_identification:_identify(models/runs/detect/train4) by extension 'python'
[0.202s] Level 1:colcon.colcon_core.package_identification:_identify(models/runs/detect/train4) by extensions ['python_setup_py']
[0.202s] Level 1:colcon.colcon_core.package_identification:_identify(models/runs/detect/train4) by extension 'python_setup_py'
[0.202s] Level 1:colcon.colcon_core.package_identification:_identify(models/runs/detect/train4/weights) by extensions ['ignore', 'ignore_ament_install']
[0.202s] Level 1:colcon.colcon_core.package_identification:_identify(models/runs/detect/train4/weights) by extension 'ignore'
[0.202s] Level 1:colcon.colcon_core.package_identification:_identify(models/runs/detect/train4/weights) by extension 'ignore_ament_install'
[0.202s] Level 1:colcon.colcon_core.package_identification:_identify(models/runs/detect/train4/weights) by extensions ['colcon_pkg']
[0.202s] Level 1:colcon.colcon_core.package_identification:_identify(models/runs/detect/train4/weights) by extension 'colcon_pkg'
[0.202s] Level 1:colcon.colcon_core.package_identification:_identify(models/runs/detect/train4/weights) by extensions ['colcon_meta']
[0.202s] Level 1:colcon.colcon_core.package_identification:_identify(models/runs/detect/train4/weights) by extension 'colcon_meta'
[0.202s] Level 1:colcon.colcon_core.package_identification:_identify(models/runs/detect/train4/weights) by extensions ['ros']
[0.202s] Level 1:colcon.colcon_core.package_identification:_identify(models/runs/detect/train4/weights) by extension 'ros'
[0.202s] Level 1:colcon.colcon_core.package_identification:_identify(models/runs/detect/train4/weights) by extensions ['cmake', 'python']
[0.202s] Level 1:colcon.colcon_core.package_identification:_identify(models/runs/detect/train4/weights) by extension 'cmake'
[0.202s] Level 1:colcon.colcon_core.package_identification:_identify(models/runs/detect/train4/weights) by extension 'python'
[0.202s] Level 1:colcon.colcon_core.package_identification:_identify(models/runs/detect/train4/weights) by extensions ['python_setup_py']
[0.203s] Level 1:colcon.colcon_core.package_identification:_identify(models/runs/detect/train4/weights) by extension 'python_setup_py'
[0.203s] Level 1:colcon.colcon_core.package_identification:_identify(models/runs/segment) by extensions ['ignore', 'ignore_ament_install']
[0.203s] Level 1:colcon.colcon_core.package_identification:_identify(models/runs/segment) by extension 'ignore'
[0.203s] Level 1:colcon.colcon_core.package_identification:_identify(models/runs/segment) by extension 'ignore_ament_install'
[0.203s] Level 1:colcon.colcon_core.package_identification:_identify(models/runs/segment) by extensions ['colcon_pkg']
[0.203s] Level 1:colcon.colcon_core.package_identification:_identify(models/runs/segment) by extension 'colcon_pkg'
[0.203s] Level 1:colcon.colcon_core.package_identification:_identify(models/runs/segment) by extensions ['colcon_meta']
[0.203s] Level 1:colcon.colcon_core.package_identification:_identify(models/runs/segment) by extension 'colcon_meta'
[0.203s] Level 1:colcon.colcon_core.package_identification:_identify(models/runs/segment) by extensions ['ros']
[0.203s] Level 1:colcon.colcon_core.package_identification:_identify(models/runs/segment) by extension 'ros'
[0.203s] Level 1:colcon.colcon_core.package_identification:_identify(models/runs/segment) by extensions ['cmake', 'python']
[0.203s] Level 1:colcon.colcon_core.package_identification:_identify(models/runs/segment) by extension 'cmake'
[0.203s] Level 1:colcon.colcon_core.package_identification:_identify(models/runs/segment) by extension 'python'
[0.203s] Level 1:colcon.colcon_core.package_identification:_identify(models/runs/segment) by extensions ['python_setup_py']
[0.203s] Level 1:colcon.colcon_core.package_identification:_identify(models/runs/segment) by extension 'python_setup_py'
[0.203s] Level 1:colcon.colcon_core.package_identification:_identify(models/runs/segment/train) by extensions ['ignore', 'ignore_ament_install']
[0.203s] Level 1:colcon.colcon_core.package_identification:_identify(models/runs/segment/train) by extension 'ignore'
[0.203s] Level 1:colcon.colcon_core.package_identification:_identify(models/runs/segment/train) by extension 'ignore_ament_install'
[0.203s] Level 1:colcon.colcon_core.package_identification:_identify(models/runs/segment/train) by extensions ['colcon_pkg']
[0.203s] Level 1:colcon.colcon_core.package_identification:_identify(models/runs/segment/train) by extension 'colcon_pkg'
[0.203s] Level 1:colcon.colcon_core.package_identification:_identify(models/runs/segment/train) by extensions ['colcon_meta']
[0.203s] Level 1:colcon.colcon_core.package_identification:_identify(models/runs/segment/train) by extension 'colcon_meta'
[0.203s] Level 1:colcon.colcon_core.package_identification:_identify(models/runs/segment/train) by extensions ['ros']
[0.203s] Level 1:colcon.colcon_core.package_identification:_identify(models/runs/segment/train) by extension 'ros'
[0.203s] Level 1:colcon.colcon_core.package_identification:_identify(models/runs/segment/train) by extensions ['cmake', 'python']
[0.203s] Level 1:colcon.colcon_core.package_identification:_identify(models/runs/segment/train) by extension 'cmake'
[0.203s] Level 1:colcon.colcon_core.package_identification:_identify(models/runs/segment/train) by extension 'python'
[0.203s] Level 1:colcon.colcon_core.package_identification:_identify(models/runs/segment/train) by extensions ['python_setup_py']
[0.203s] Level 1:colcon.colcon_core.package_identification:_identify(models/runs/segment/train) by extension 'python_setup_py'
[0.204s] Level 1:colcon.colcon_core.package_identification:_identify(models/runs/segment/train/weights) by extensions ['ignore', 'ignore_ament_install']
[0.204s] Level 1:colcon.colcon_core.package_identification:_identify(models/runs/segment/train/weights) by extension 'ignore'
[0.204s] Level 1:colcon.colcon_core.package_identification:_identify(models/runs/segment/train/weights) by extension 'ignore_ament_install'
[0.204s] Level 1:colcon.colcon_core.package_identification:_identify(models/runs/segment/train/weights) by extensions ['colcon_pkg']
[0.204s] Level 1:colcon.colcon_core.package_identification:_identify(models/runs/segment/train/weights) by extension 'colcon_pkg'
[0.204s] Level 1:colcon.colcon_core.package_identification:_identify(models/runs/segment/train/weights) by extensions ['colcon_meta']
[0.204s] Level 1:colcon.colcon_core.package_identification:_identify(models/runs/segment/train/weights) by extension 'colcon_meta'
[0.204s] Level 1:colcon.colcon_core.package_identification:_identify(models/runs/segment/train/weights) by extensions ['ros']
[0.204s] Level 1:colcon.colcon_core.package_identification:_identify(models/runs/segment/train/weights) by extension 'ros'
[0.204s] Level 1:colcon.colcon_core.package_identification:_identify(models/runs/segment/train/weights) by extensions ['cmake', 'python']
[0.204s] Level 1:colcon.colcon_core.package_identification:_identify(models/runs/segment/train/weights) by extension 'cmake'
[0.204s] Level 1:colcon.colcon_core.package_identification:_identify(models/runs/segment/train/weights) by extension 'python'
[0.204s] Level 1:colcon.colcon_core.package_identification:_identify(models/runs/segment/train/weights) by extensions ['python_setup_py']
[0.204s] Level 1:colcon.colcon_core.package_identification:_identify(models/runs/segment/train/weights) by extension 'python_setup_py'
[0.204s] Level 1:colcon.colcon_core.package_identification:_identify(models/runs/segment/train2) by extensions ['ignore', 'ignore_ament_install']
[0.204s] Level 1:colcon.colcon_core.package_identification:_identify(models/runs/segment/train2) by extension 'ignore'
[0.204s] Level 1:colcon.colcon_core.package_identification:_identify(models/runs/segment/train2) by extension 'ignore_ament_install'
[0.204s] Level 1:colcon.colcon_core.package_identification:_identify(models/runs/segment/train2) by extensions ['colcon_pkg']
[0.204s] Level 1:colcon.colcon_core.package_identification:_identify(models/runs/segment/train2) by extension 'colcon_pkg'
[0.204s] Level 1:colcon.colcon_core.package_identification:_identify(models/runs/segment/train2) by extensions ['colcon_meta']
[0.204s] Level 1:colcon.colcon_core.package_identification:_identify(models/runs/segment/train2) by extension 'colcon_meta'
[0.204s] Level 1:colcon.colcon_core.package_identification:_identify(models/runs/segment/train2) by extensions ['ros']
[0.204s] Level 1:colcon.colcon_core.package_identification:_identify(models/runs/segment/train2) by extension 'ros'
[0.204s] Level 1:colcon.colcon_core.package_identification:_identify(models/runs/segment/train2) by extensions ['cmake', 'python']
[0.204s] Level 1:colcon.colcon_core.package_identification:_identify(models/runs/segment/train2) by extension 'cmake'
[0.204s] Level 1:colcon.colcon_core.package_identification:_identify(models/runs/segment/train2) by extension 'python'
[0.205s] Level 1:colcon.colcon_core.package_identification:_identify(models/runs/segment/train2) by extensions ['python_setup_py']
[0.205s] Level 1:colcon.colcon_core.package_identification:_identify(models/runs/segment/train2) by extension 'python_setup_py'
[0.205s] Level 1:colcon.colcon_core.package_identification:_identify(models/runs/segment/train2/weights) by extensions ['ignore', 'ignore_ament_install']
[0.205s] Level 1:colcon.colcon_core.package_identification:_identify(models/runs/segment/train2/weights) by extension 'ignore'
[0.205s] Level 1:colcon.colcon_core.package_identification:_identify(models/runs/segment/train2/weights) by extension 'ignore_ament_install'
[0.205s] Level 1:colcon.colcon_core.package_identification:_identify(models/runs/segment/train2/weights) by extensions ['colcon_pkg']
[0.205s] Level 1:colcon.colcon_core.package_identification:_identify(models/runs/segment/train2/weights) by extension 'colcon_pkg'
[0.205s] Level 1:colcon.colcon_core.package_identification:_identify(models/runs/segment/train2/weights) by extensions ['colcon_meta']
[0.205s] Level 1:colcon.colcon_core.package_identification:_identify(models/runs/segment/train2/weights) by extension 'colcon_meta'
[0.205s] Level 1:colcon.colcon_core.package_identification:_identify(models/runs/segment/train2/weights) by extensions ['ros']
[0.205s] Level 1:colcon.colcon_core.package_identification:_identify(models/runs/segment/train2/weights) by extension 'ros'
[0.205s] Level 1:colcon.colcon_core.package_identification:_identify(models/runs/segment/train2/weights) by extensions ['cmake', 'python']
[0.205s] Level 1:colcon.colcon_core.package_identification:_identify(models/runs/segment/train2/weights) by extension 'cmake'
[0.205s] Level 1:colcon.colcon_core.package_identification:_identify(models/runs/segment/train2/weights) by extension 'python'
[0.205s] Level 1:colcon.colcon_core.package_identification:_identify(models/runs/segment/train2/weights) by extensions ['python_setup_py']
[0.205s] Level 1:colcon.colcon_core.package_identification:_identify(models/runs/segment/train2/weights) by extension 'python_setup_py'
[0.205s] Level 1:colcon.colcon_core.package_identification:_identify(src) by extensions ['ignore', 'ignore_ament_install']
[0.205s] Level 1:colcon.colcon_core.package_identification:_identify(src) by extension 'ignore'
[0.205s] Level 1:colcon.colcon_core.package_identification:_identify(src) by extension 'ignore_ament_install'
[0.205s] Level 1:colcon.colcon_core.package_identification:_identify(src) by extensions ['colcon_pkg']
[0.205s] Level 1:colcon.colcon_core.package_identification:_identify(src) by extension 'colcon_pkg'
[0.205s] Level 1:colcon.colcon_core.package_identification:_identify(src) by extensions ['colcon_meta']
[0.205s] Level 1:colcon.colcon_core.package_identification:_identify(src) by extension 'colcon_meta'
[0.205s] Level 1:colcon.colcon_core.package_identification:_identify(src) by extensions ['ros']
[0.205s] Level 1:colcon.colcon_core.package_identification:_identify(src) by extension 'ros'
[0.205s] Level 1:colcon.colcon_core.package_identification:_identify(src) by extensions ['cmake', 'python']
[0.205s] Level 1:colcon.colcon_core.package_identification:_identify(src) by extension 'cmake'
[0.205s] Level 1:colcon.colcon_core.package_identification:_identify(src) by extension 'python'
[0.205s] Level 1:colcon.colcon_core.package_identification:_identify(src) by extensions ['python_setup_py']
[0.206s] Level 1:colcon.colcon_core.package_identification:_identify(src) by extension 'python_setup_py'
[0.206s] Level 1:colcon.colcon_core.package_identification:_identify(src/classify_and_get_depth) by extensions ['ignore', 'ignore_ament_install']
[0.206s] Level 1:colcon.colcon_core.package_identification:_identify(src/classify_and_get_depth) by extension 'ignore'
[0.206s] Level 1:colcon.colcon_core.package_identification:_identify(src/classify_and_get_depth) by extension 'ignore_ament_install'
[0.206s] Level 1:colcon.colcon_core.package_identification:_identify(src/classify_and_get_depth) by extensions ['colcon_pkg']
[0.206s] Level 1:colcon.colcon_core.package_identification:_identify(src/classify_and_get_depth) by extension 'colcon_pkg'
[0.206s] Level 1:colcon.colcon_core.package_identification:_identify(src/classify_and_get_depth) by extensions ['colcon_meta']
[0.206s] Level 1:colcon.colcon_core.package_identification:_identify(src/classify_and_get_depth) by extension 'colcon_meta'
[0.206s] Level 1:colcon.colcon_core.package_identification:_identify(src/classify_and_get_depth) by extensions ['ros']
[0.206s] Level 1:colcon.colcon_core.package_identification:_identify(src/classify_and_get_depth) by extension 'ros'
[0.208s] DEBUG:colcon.colcon_core.package_identification:Package 'src/classify_and_get_depth' with type 'ros.ament_python' and name 'classify_and_get_depth'
[0.208s] Level 1:colcon.colcon_core.package_discovery:discover_packages(recursive) using defaults
[0.208s] Level 1:colcon.colcon_core.package_discovery:discover_packages(ignore) discover
[0.208s] Level 1:colcon.colcon_core.package_discovery:discover_packages(ignore) using defaults
[0.208s] Level 1:colcon.colcon_core.package_discovery:discover_packages(path) discover
[0.208s] Level 1:colcon.colcon_core.package_discovery:discover_packages(path) using defaults
[0.224s] Level 1:colcon.colcon_core.package_discovery:discover_packages(prefix_path) check parameters
[0.224s] Level 1:colcon.colcon_core.package_discovery:discover_packages(prefix_path) discover
[0.225s] DEBUG:colcon.colcon_installed_package_information.package_discovery:Found 1 installed packages in /home/csy/My_baby_blue/Road_fixer/install
[0.226s] DEBUG:colcon.colcon_installed_package_information.package_discovery:Found 271 installed packages in /opt/ros/humble
[0.228s] Level 1:colcon.colcon_core.package_discovery:discover_packages(prefix_path) using defaults
[0.261s] Level 5:colcon.colcon_core.verb:set package 'classify_and_get_depth' build argument 'cmake_args' from command line to 'None'
[0.261s] Level 5:colcon.colcon_core.verb:set package 'classify_and_get_depth' build argument 'cmake_target' from command line to 'None'
[0.261s] Level 5:colcon.colcon_core.verb:set package 'classify_and_get_depth' build argument 'cmake_target_skip_unavailable' from command line to 'False'
[0.261s] Level 5:colcon.colcon_core.verb:set package 'classify_and_get_depth' build argument 'cmake_clean_cache' from command line to 'False'
[0.261s] Level 5:colcon.colcon_core.verb:set package 'classify_and_get_depth' build argument 'cmake_clean_first' from command line to 'False'
[0.261s] Level 5:colcon.colcon_core.verb:set package 'classify_and_get_depth' build argument 'cmake_force_configure' from command line to 'False'
[0.261s] Level 5:colcon.colcon_core.verb:set package 'classify_and_get_depth' build argument 'ament_cmake_args' from command line to 'None'
[0.261s] Level 5:colcon.colcon_core.verb:set package 'classify_and_get_depth' build argument 'catkin_cmake_args' from command line to 'None'
[0.261s] Level 5:colcon.colcon_core.verb:set package 'classify_and_get_depth' build argument 'catkin_skip_building_tests' from command line to 'False'
[0.261s] DEBUG:colcon.colcon_core.verb:Building package 'classify_and_get_depth' with the following arguments: {'ament_cmake_args': None, 'build_base': '/home/csy/My_baby_blue/Road_fixer/build/classify_and_get_depth', 'catkin_cmake_args': None, 'catkin_skip_building_tests': False, 'cmake_args': None, 'cmake_clean_cache': False, 'cmake_clean_first': False, 'cmake_force_configure': False, 'cmake_target': None, 'cmake_target_skip_unavailable': False, 'install_base': '/home/csy/My_baby_blue/Road_fixer/install/classify_and_get_depth', 'merge_install': False, 'path': '/home/csy/My_baby_blue/Road_fixer/src/classify_and_get_depth', 'symlink_install': False, 'test_result_base': None}
[0.261s] INFO:colcon.colcon_core.executor:Executing jobs using 'parallel' executor
[0.262s] DEBUG:colcon.colcon_parallel_executor.executor.parallel:run_until_complete
[0.262s] INFO:colcon.colcon_ros.task.ament_python.build:Building ROS package in '/home/csy/My_baby_blue/Road_fixer/src/classify_and_get_depth' with build type 'ament_python'
[0.262s] Level 1:colcon.colcon_core.shell:create_environment_hook('classify_and_get_depth', 'ament_prefix_path')
[0.264s] INFO:colcon.colcon_core.plugin_system:Skipping extension 'colcon_core.shell.bat': Not used on non-Windows systems
[0.264s] INFO:colcon.colcon_core.shell:Creating environment hook '/home/csy/My_baby_blue/Road_fixer/install/classify_and_get_depth/share/classify_and_get_depth/hook/ament_prefix_path.ps1'
[0.264s] INFO:colcon.colcon_core.shell:Creating environment descriptor '/home/csy/My_baby_blue/Road_fixer/install/classify_and_get_depth/share/classify_and_get_depth/hook/ament_prefix_path.dsv'
[0.265s] INFO:colcon.colcon_core.shell:Creating environment hook '/home/csy/My_baby_blue/Road_fixer/install/classify_and_get_depth/share/classify_and_get_depth/hook/ament_prefix_path.sh'
[0.265s] INFO:colcon.colcon_core.shell:Skip shell extension 'powershell' for command environment: Not usable outside of PowerShell
[0.265s] DEBUG:colcon.colcon_core.shell:Skip shell extension 'dsv' for command environment
[0.442s] INFO:colcon.colcon_core.task.python.build:Building Python package in '/home/csy/My_baby_blue/Road_fixer/src/classify_and_get_depth'
[0.442s] INFO:colcon.colcon_core.shell:Skip shell extension 'powershell' for command environment: Not usable outside of PowerShell
[0.442s] DEBUG:colcon.colcon_core.shell:Skip shell extension 'dsv' for command environment
[0.669s] DEBUG:colcon.colcon_core.event_handler.log_command:Invoking command in '/home/csy/My_baby_blue/Road_fixer/src/classify_and_get_depth': CONDA_PROMPT_MODIFIER=(Road_fixer) PYTHONPATH=/home/csy/My_baby_blue/Road_fixer/build/classify_and_get_depth/prefix_override:/usr/lib/python3/dist-packages/colcon_core/task/python/colcon_distutils_commands:/home/csy/My_baby_blue/Road_fixer/install/classify_and_get_depth/lib/python3.10/site-packages:${PYTHONPATH} /usr/bin/python3 -W ignore:setup.py install is deprecated -W ignore:easy_install command is deprecated setup.py egg_info --egg-base ../../build/classify_and_get_depth build --build-base /home/csy/My_baby_blue/Road_fixer/build/classify_and_get_depth/build install --record /home/csy/My_baby_blue/Road_fixer/build/classify_and_get_depth/install.log --single-version-externally-managed install_data
[0.862s] DEBUG:colcon.colcon_core.event_handler.log_command:Invoked command in '/home/csy/My_baby_blue/Road_fixer/src/classify_and_get_depth' returned '0': CONDA_PROMPT_MODIFIER=(Road_fixer) PYTHONPATH=/home/csy/My_baby_blue/Road_fixer/build/classify_and_get_depth/prefix_override:/usr/lib/python3/dist-packages/colcon_core/task/python/colcon_distutils_commands:/home/csy/My_baby_blue/Road_fixer/install/classify_and_get_depth/lib/python3.10/site-packages:${PYTHONPATH} /usr/bin/python3 -W ignore:setup.py install is deprecated -W ignore:easy_install command is deprecated setup.py egg_info --egg-base ../../build/classify_and_get_depth build --build-base /home/csy/My_baby_blue/Road_fixer/build/classify_and_get_depth/build install --record /home/csy/My_baby_blue/Road_fixer/build/classify_and_get_depth/install.log --single-version-externally-managed install_data
[0.864s] Level 1:colcon.colcon_core.environment:checking '/home/csy/My_baby_blue/Road_fixer/install/classify_and_get_depth' for CMake module files
[0.864s] Level 1:colcon.colcon_core.environment:checking '/home/csy/My_baby_blue/Road_fixer/install/classify_and_get_depth' for CMake config files
[0.865s] Level 1:colcon.colcon_core.environment:checking '/home/csy/My_baby_blue/Road_fixer/install/classify_and_get_depth/lib'
[0.865s] Level 1:colcon.colcon_core.environment:checking '/home/csy/My_baby_blue/Road_fixer/install/classify_and_get_depth/bin'
[0.865s] Level 1:colcon.colcon_core.environment:checking '/home/csy/My_baby_blue/Road_fixer/install/classify_and_get_depth/lib/pkgconfig/classify_and_get_depth.pc'
[0.865s] Level 1:colcon.colcon_core.environment:checking '/home/csy/My_baby_blue/Road_fixer/install/classify_and_get_depth/lib/python3.10/site-packages'
[0.865s] Level 1:colcon.colcon_core.shell:create_environment_hook('classify_and_get_depth', 'pythonpath')
[0.865s] INFO:colcon.colcon_core.shell:Creating environment hook '/home/csy/My_baby_blue/Road_fixer/install/classify_and_get_depth/share/classify_and_get_depth/hook/pythonpath.ps1'
[0.866s] INFO:colcon.colcon_core.shell:Creating environment descriptor '/home/csy/My_baby_blue/Road_fixer/install/classify_and_get_depth/share/classify_and_get_depth/hook/pythonpath.dsv'
[0.866s] INFO:colcon.colcon_core.shell:Creating environment hook '/home/csy/My_baby_blue/Road_fixer/install/classify_and_get_depth/share/classify_and_get_depth/hook/pythonpath.sh'
[0.867s] Level 1:colcon.colcon_core.environment:checking '/home/csy/My_baby_blue/Road_fixer/install/classify_and_get_depth/bin'
[0.867s] Level 1:colcon.colcon_core.environment:create_environment_scripts_only(classify_and_get_depth)
[0.867s] INFO:colcon.colcon_core.shell:Creating package script '/home/csy/My_baby_blue/Road_fixer/install/classify_and_get_depth/share/classify_and_get_depth/package.ps1'
[0.867s] INFO:colcon.colcon_core.shell:Creating package descriptor '/home/csy/My_baby_blue/Road_fixer/install/classify_and_get_depth/share/classify_and_get_depth/package.dsv'
[0.868s] INFO:colcon.colcon_core.shell:Creating package script '/home/csy/My_baby_blue/Road_fixer/install/classify_and_get_depth/share/classify_and_get_depth/package.sh'
[0.868s] INFO:colcon.colcon_core.shell:Creating package script '/home/csy/My_baby_blue/Road_fixer/install/classify_and_get_depth/share/classify_and_get_depth/package.bash'
[0.869s] INFO:colcon.colcon_core.shell:Creating package script '/home/csy/My_baby_blue/Road_fixer/install/classify_and_get_depth/share/classify_and_get_depth/package.zsh'
[0.869s] Level 1:colcon.colcon_core.environment:create_file_with_runtime_dependencies(/home/csy/My_baby_blue/Road_fixer/install/classify_and_get_depth/share/colcon-core/packages/classify_and_get_depth)
[0.870s] DEBUG:colcon.colcon_parallel_executor.executor.parallel:closing loop
[0.870s] DEBUG:colcon.colcon_parallel_executor.executor.parallel:loop closed
[0.870s] DEBUG:colcon.colcon_parallel_executor.executor.parallel:run_until_complete finished with '0'
[0.870s] DEBUG:colcon.colcon_core.event_reactor:joining thread
[0.874s] INFO:colcon.colcon_core.plugin_system:Skipping extension 'colcon_notification.desktop_notification.terminal_notifier': Not used on non-Darwin systems
[0.874s] INFO:colcon.colcon_core.plugin_system:Skipping extension 'colcon_notification.desktop_notification.win32': Not used on non-Windows systems
[0.874s] INFO:colcon.colcon_notification.desktop_notification:Sending desktop notification using 'notify2'
[0.884s] DEBUG:colcon.colcon_core.event_reactor:joined thread
[0.885s] INFO:colcon.colcon_core.shell:Creating prefix script '/home/csy/My_baby_blue/Road_fixer/install/local_setup.ps1'
[0.886s] INFO:colcon.colcon_core.shell:Creating prefix util module '/home/csy/My_baby_blue/Road_fixer/install/_local_setup_util_ps1.py'
[0.887s] INFO:colcon.colcon_core.shell:Creating prefix chain script '/home/csy/My_baby_blue/Road_fixer/install/setup.ps1'
[0.888s] INFO:colcon.colcon_core.shell:Creating prefix script '/home/csy/My_baby_blue/Road_fixer/install/local_setup.sh'
[0.889s] INFO:colcon.colcon_core.shell:Creating prefix util module '/home/csy/My_baby_blue/Road_fixer/install/_local_setup_util_sh.py'
[0.889s] INFO:colcon.colcon_core.shell:Creating prefix chain script '/home/csy/My_baby_blue/Road_fixer/install/setup.sh'
[0.890s] INFO:colcon.colcon_core.shell:Creating prefix script '/home/csy/My_baby_blue/Road_fixer/install/local_setup.bash'
[0.890s] INFO:colcon.colcon_core.shell:Creating prefix chain script '/home/csy/My_baby_blue/Road_fixer/install/setup.bash'
[0.891s] INFO:colcon.colcon_core.shell:Creating prefix script '/home/csy/My_baby_blue/Road_fixer/install/local_setup.zsh'
[0.891s] INFO:colcon.colcon_core.shell:Creating prefix chain script '/home/csy/My_baby_blue/Road_fixer/install/setup.zsh'
