running egg_info
writing ../../build/classify_and_get_depth/classify_and_get_depth.egg-info/PKG-INFO
writing dependency_links to ../../build/classify_and_get_depth/classify_and_get_depth.egg-info/dependency_links.txt
writing entry points to ../../build/classify_and_get_depth/classify_and_get_depth.egg-info/entry_points.txt
writing requirements to ../../build/classify_and_get_depth/classify_and_get_depth.egg-info/requires.txt
writing top-level names to ../../build/classify_and_get_depth/classify_and_get_depth.egg-info/top_level.txt
reading manifest file '../../build/classify_and_get_depth/classify_and_get_depth.egg-info/SOURCES.txt'
writing manifest file '../../build/classify_and_get_depth/classify_and_get_depth.egg-info/SOURCES.txt'
running build
running build_py
creating /home/csy/My_baby_blue/Road_fixer/build/classify_and_get_depth/build
creating /home/csy/My_baby_blue/Road_fixer/build/classify_and_get_depth/build/lib
creating /home/csy/My_baby_blue/Road_fixer/build/classify_and_get_depth/build/lib/classify_and_get_depth
copying classify_and_get_depth/ft_yolov11.py -> /home/csy/My_baby_blue/Road_fixer/build/classify_and_get_depth/build/lib/classify_and_get_depth
copying classify_and_get_depth/depth_publisher_node.py -> /home/csy/My_baby_blue/Road_fixer/build/classify_and_get_depth/build/lib/classify_and_get_depth
copying classify_and_get_depth/test.py -> /home/csy/My_baby_blue/Road_fixer/build/classify_and_get_depth/build/lib/classify_and_get_depth
copying classify_and_get_depth/validate.py -> /home/csy/My_baby_blue/Road_fixer/build/classify_and_get_depth/build/lib/classify_and_get_depth
copying classify_and_get_depth/test_for_HoughLines.py -> /home/csy/My_baby_blue/Road_fixer/build/classify_and_get_depth/build/lib/classify_and_get_depth
copying classify_and_get_depth/crack_detector_node.py -> /home/csy/My_baby_blue/Road_fixer/build/classify_and_get_depth/build/lib/classify_and_get_depth
copying classify_and_get_depth/test_preprocess_block_straight.py -> /home/csy/My_baby_blue/Road_fixer/build/classify_and_get_depth/build/lib/classify_and_get_depth
copying classify_and_get_depth/motion_planning.py -> /home/csy/My_baby_blue/Road_fixer/build/classify_and_get_depth/build/lib/classify_and_get_depth
copying classify_and_get_depth/__init__.py -> /home/csy/My_baby_blue/Road_fixer/build/classify_and_get_depth/build/lib/classify_and_get_depth
copying classify_and_get_depth/filter_staright_lines.py -> /home/csy/My_baby_blue/Road_fixer/build/classify_and_get_depth/build/lib/classify_and_get_depth
running install
running install_lib
creating /home/csy/My_baby_blue/Road_fixer/install/classify_and_get_depth/lib/python3.10/site-packages/classify_and_get_depth
copying /home/csy/My_baby_blue/Road_fixer/build/classify_and_get_depth/build/lib/classify_and_get_depth/ft_yolov11.py -> /home/csy/My_baby_blue/Road_fixer/install/classify_and_get_depth/lib/python3.10/site-packages/classify_and_get_depth
copying /home/csy/My_baby_blue/Road_fixer/build/classify_and_get_depth/build/lib/classify_and_get_depth/depth_publisher_node.py -> /home/csy/My_baby_blue/Road_fixer/install/classify_and_get_depth/lib/python3.10/site-packages/classify_and_get_depth
copying /home/csy/My_baby_blue/Road_fixer/build/classify_and_get_depth/build/lib/classify_and_get_depth/test.py -> /home/csy/My_baby_blue/Road_fixer/install/classify_and_get_depth/lib/python3.10/site-packages/classify_and_get_depth
copying /home/csy/My_baby_blue/Road_fixer/build/classify_and_get_depth/build/lib/classify_and_get_depth/validate.py -> /home/csy/My_baby_blue/Road_fixer/install/classify_and_get_depth/lib/python3.10/site-packages/classify_and_get_depth
copying /home/csy/My_baby_blue/Road_fixer/build/classify_and_get_depth/build/lib/classify_and_get_depth/test_for_HoughLines.py -> /home/csy/My_baby_blue/Road_fixer/install/classify_and_get_depth/lib/python3.10/site-packages/classify_and_get_depth
copying /home/csy/My_baby_blue/Road_fixer/build/classify_and_get_depth/build/lib/classify_and_get_depth/crack_detector_node.py -> /home/csy/My_baby_blue/Road_fixer/install/classify_and_get_depth/lib/python3.10/site-packages/classify_and_get_depth
copying /home/csy/My_baby_blue/Road_fixer/build/classify_and_get_depth/build/lib/classify_and_get_depth/test_preprocess_block_straight.py -> /home/csy/My_baby_blue/Road_fixer/install/classify_and_get_depth/lib/python3.10/site-packages/classify_and_get_depth
copying /home/csy/My_baby_blue/Road_fixer/build/classify_and_get_depth/build/lib/classify_and_get_depth/motion_planning.py -> /home/csy/My_baby_blue/Road_fixer/install/classify_and_get_depth/lib/python3.10/site-packages/classify_and_get_depth
copying /home/csy/My_baby_blue/Road_fixer/build/classify_and_get_depth/build/lib/classify_and_get_depth/__init__.py -> /home/csy/My_baby_blue/Road_fixer/install/classify_and_get_depth/lib/python3.10/site-packages/classify_and_get_depth
copying /home/csy/My_baby_blue/Road_fixer/build/classify_and_get_depth/build/lib/classify_and_get_depth/filter_staright_lines.py -> /home/csy/My_baby_blue/Road_fixer/install/classify_and_get_depth/lib/python3.10/site-packages/classify_and_get_depth
byte-compiling /home/csy/My_baby_blue/Road_fixer/install/classify_and_get_depth/lib/python3.10/site-packages/classify_and_get_depth/ft_yolov11.py to ft_yolov11.cpython-310.pyc
byte-compiling /home/csy/My_baby_blue/Road_fixer/install/classify_and_get_depth/lib/python3.10/site-packages/classify_and_get_depth/depth_publisher_node.py to depth_publisher_node.cpython-310.pyc
byte-compiling /home/csy/My_baby_blue/Road_fixer/install/classify_and_get_depth/lib/python3.10/site-packages/classify_and_get_depth/test.py to test.cpython-310.pyc
byte-compiling /home/csy/My_baby_blue/Road_fixer/install/classify_and_get_depth/lib/python3.10/site-packages/classify_and_get_depth/validate.py to validate.cpython-310.pyc
byte-compiling /home/csy/My_baby_blue/Road_fixer/install/classify_and_get_depth/lib/python3.10/site-packages/classify_and_get_depth/test_for_HoughLines.py to test_for_HoughLines.cpython-310.pyc
byte-compiling /home/csy/My_baby_blue/Road_fixer/install/classify_and_get_depth/lib/python3.10/site-packages/classify_and_get_depth/crack_detector_node.py to crack_detector_node.cpython-310.pyc
byte-compiling /home/csy/My_baby_blue/Road_fixer/install/classify_and_get_depth/lib/python3.10/site-packages/classify_and_get_depth/test_preprocess_block_straight.py to test_preprocess_block_straight.cpython-310.pyc
byte-compiling /home/csy/My_baby_blue/Road_fixer/install/classify_and_get_depth/lib/python3.10/site-packages/classify_and_get_depth/motion_planning.py to motion_planning.cpython-310.pyc
byte-compiling /home/csy/My_baby_blue/Road_fixer/install/classify_and_get_depth/lib/python3.10/site-packages/classify_and_get_depth/__init__.py to __init__.cpython-310.pyc
byte-compiling /home/csy/My_baby_blue/Road_fixer/install/classify_and_get_depth/lib/python3.10/site-packages/classify_and_get_depth/filter_staright_lines.py to filter_staright_lines.cpython-310.pyc
running install_data
running install_egg_info
removing '/home/csy/My_baby_blue/Road_fixer/install/classify_and_get_depth/lib/python3.10/site-packages/classify_and_get_depth-0.1.0-py3.10.egg-info' (and everything under it)
Copying ../../build/classify_and_get_depth/classify_and_get_depth.egg-info to /home/csy/My_baby_blue/Road_fixer/install/classify_and_get_depth/lib/python3.10/site-packages/classify_and_get_depth-0.1.0-py3.10.egg-info
running install_scripts
Installing crack_detector_node script to /home/csy/My_baby_blue/Road_fixer/install/classify_and_get_depth/lib/classify_and_get_depth
Installing depth_publisher_node script to /home/csy/My_baby_blue/Road_fixer/install/classify_and_get_depth/lib/classify_and_get_depth
writing list of installed files to '/home/csy/My_baby_blue/Road_fixer/build/classify_and_get_depth/install.log'
