[0.088s] DEBUG:colcon:Command line arguments: ['/usr/bin/colcon', 'build']
[0.088s] DEBUG:colcon:Parsed command line arguments: Namespace(log_base=None, log_level=None, verb_name='build', build_base='build', install_base='install', merge_install=False, symlink_install=False, test_result_base=None, continue_on_error=False, executor='parallel', parallel_workers=16, event_handlers=None, ignore_user_meta=False, metas=['./colcon.meta'], base_paths=['.'], packages_ignore=None, packages_ignore_regex=None, paths=None, packages_up_to=None, packages_up_to_regex=None, packages_above=None, packages_above_and_dependencies=None, packages_above_depth=None, packages_select_by_dep=None, packages_skip_by_dep=None, packages_skip_up_to=None, packages_select_build_failed=False, packages_skip_build_finished=False, packages_select_test_failures=False, packages_skip_test_passed=False, packages_select=None, packages_skip=None, packages_select_regex=None, packages_skip_regex=None, packages_start=None, packages_end=None, allow_overriding=[], cmake_args=None, cmake_target=None, cmake_target_skip_unavailable=False, cmake_clean_cache=False, cmake_clean_first=False, cmake_force_configure=False, ament_cmake_args=None, catkin_cmake_args=None, catkin_skip_building_tests=False, verb_parser=<colcon_defaults.argument_parser.defaults.DefaultArgumentsDecorator object at 0x7221a6f97250>, verb_extension=<colcon_core.verb.build.BuildVerb object at 0x7221a71644f0>, main=<bound method BuildVerb.main of <colcon_core.verb.build.BuildVerb object at 0x7221a71644f0>>)
[0.218s] Level 1:colcon.colcon_core.package_discovery:discover_packages(colcon_meta) check parameters
[0.218s] Level 1:colcon.colcon_core.package_discovery:discover_packages(recursive) check parameters
[0.218s] Level 1:colcon.colcon_core.package_discovery:discover_packages(ignore) check parameters
[0.218s] Level 1:colcon.colcon_core.package_discovery:discover_packages(path) check parameters
[0.218s] Level 1:colcon.colcon_core.package_discovery:discover_packages(colcon_meta) discover
[0.218s] Level 1:colcon.colcon_core.package_discovery:discover_packages(recursive) discover
[0.218s] INFO:colcon.colcon_core.package_discovery:Crawling recursively for packages in '/home/csy/My_baby_blue/Road_fixer'
[0.218s] Level 1:colcon.colcon_core.package_identification:_identify(.) by extensions ['ignore', 'ignore_ament_install']
[0.218s] Level 1:colcon.colcon_core.package_identification:_identify(.) by extension 'ignore'
[0.218s] Level 1:colcon.colcon_core.package_identification:_identify(.) by extension 'ignore_ament_install'
[0.218s] Level 1:colcon.colcon_core.package_identification:_identify(.) by extensions ['colcon_pkg']
[0.218s] Level 1:colcon.colcon_core.package_identification:_identify(.) by extension 'colcon_pkg'
[0.218s] Level 1:colcon.colcon_core.package_identification:_identify(.) by extensions ['colcon_meta']
[0.218s] Level 1:colcon.colcon_core.package_identification:_identify(.) by extension 'colcon_meta'
[0.218s] Level 1:colcon.colcon_core.package_identification:_identify(.) by extensions ['ros']
[0.218s] Level 1:colcon.colcon_core.package_identification:_identify(.) by extension 'ros'
[0.226s] Level 1:colcon.colcon_core.package_identification:_identify(.) by extensions ['cmake', 'python']
[0.226s] Level 1:colcon.colcon_core.package_identification:_identify(.) by extension 'cmake'
[0.226s] Level 1:colcon.colcon_core.package_identification:_identify(.) by extension 'python'
[0.226s] Level 1:colcon.colcon_core.package_identification:_identify(.) by extensions ['python_setup_py']
[0.226s] Level 1:colcon.colcon_core.package_identification:_identify(.) by extension 'python_setup_py'
[0.226s] Level 1:colcon.colcon_core.package_identification:_identify(build) by extensions ['ignore', 'ignore_ament_install']
[0.226s] Level 1:colcon.colcon_core.package_identification:_identify(build) by extension 'ignore'
[0.226s] Level 1:colcon.colcon_core.package_identification:_identify(build) ignored
[0.226s] Level 1:colcon.colcon_core.package_identification:_identify(install) by extensions ['ignore', 'ignore_ament_install']
[0.226s] Level 1:colcon.colcon_core.package_identification:_identify(install) by extension 'ignore'
[0.226s] Level 1:colcon.colcon_core.package_identification:_identify(install) ignored
[0.226s] Level 1:colcon.colcon_core.package_identification:_identify(log) by extensions ['ignore', 'ignore_ament_install']
[0.226s] Level 1:colcon.colcon_core.package_identification:_identify(log) by extension 'ignore'
[0.226s] Level 1:colcon.colcon_core.package_identification:_identify(log) ignored
[0.226s] Level 1:colcon.colcon_core.package_identification:_identify(models) by extensions ['ignore', 'ignore_ament_install']
[0.226s] Level 1:colcon.colcon_core.package_identification:_identify(models) by extension 'ignore'
[0.226s] Level 1:colcon.colcon_core.package_identification:_identify(models) by extension 'ignore_ament_install'
[0.226s] Level 1:colcon.colcon_core.package_identification:_identify(models) by extensions ['colcon_pkg']
[0.226s] Level 1:colcon.colcon_core.package_identification:_identify(models) by extension 'colcon_pkg'
[0.226s] Level 1:colcon.colcon_core.package_identification:_identify(models) by extensions ['colcon_meta']
[0.226s] Level 1:colcon.colcon_core.package_identification:_identify(models) by extension 'colcon_meta'
[0.227s] Level 1:colcon.colcon_core.package_identification:_identify(models) by extensions ['ros']
[0.227s] Level 1:colcon.colcon_core.package_identification:_identify(models) by extension 'ros'
[0.227s] Level 1:colcon.colcon_core.package_identification:_identify(models) by extensions ['cmake', 'python']
[0.227s] Level 1:colcon.colcon_core.package_identification:_identify(models) by extension 'cmake'
[0.227s] Level 1:colcon.colcon_core.package_identification:_identify(models) by extension 'python'
[0.227s] Level 1:colcon.colcon_core.package_identification:_identify(models) by extensions ['python_setup_py']
[0.227s] Level 1:colcon.colcon_core.package_identification:_identify(models) by extension 'python_setup_py'
[0.227s] Level 1:colcon.colcon_core.package_identification:_identify(models/runs) by extensions ['ignore', 'ignore_ament_install']
[0.227s] Level 1:colcon.colcon_core.package_identification:_identify(models/runs) by extension 'ignore'
[0.227s] Level 1:colcon.colcon_core.package_identification:_identify(models/runs) by extension 'ignore_ament_install'
[0.227s] Level 1:colcon.colcon_core.package_identification:_identify(models/runs) by extensions ['colcon_pkg']
[0.227s] Level 1:colcon.colcon_core.package_identification:_identify(models/runs) by extension 'colcon_pkg'
[0.227s] Level 1:colcon.colcon_core.package_identification:_identify(models/runs) by extensions ['colcon_meta']
[0.227s] Level 1:colcon.colcon_core.package_identification:_identify(models/runs) by extension 'colcon_meta'
[0.227s] Level 1:colcon.colcon_core.package_identification:_identify(models/runs) by extensions ['ros']
[0.227s] Level 1:colcon.colcon_core.package_identification:_identify(models/runs) by extension 'ros'
[0.227s] Level 1:colcon.colcon_core.package_identification:_identify(models/runs) by extensions ['cmake', 'python']
[0.227s] Level 1:colcon.colcon_core.package_identification:_identify(models/runs) by extension 'cmake'
[0.227s] Level 1:colcon.colcon_core.package_identification:_identify(models/runs) by extension 'python'
[0.227s] Level 1:colcon.colcon_core.package_identification:_identify(models/runs) by extensions ['python_setup_py']
[0.227s] Level 1:colcon.colcon_core.package_identification:_identify(models/runs) by extension 'python_setup_py'
[0.227s] Level 1:colcon.colcon_core.package_identification:_identify(models/runs/detect) by extensions ['ignore', 'ignore_ament_install']
[0.227s] Level 1:colcon.colcon_core.package_identification:_identify(models/runs/detect) by extension 'ignore'
[0.227s] Level 1:colcon.colcon_core.package_identification:_identify(models/runs/detect) by extension 'ignore_ament_install'
[0.227s] Level 1:colcon.colcon_core.package_identification:_identify(models/runs/detect) by extensions ['colcon_pkg']
[0.227s] Level 1:colcon.colcon_core.package_identification:_identify(models/runs/detect) by extension 'colcon_pkg'
[0.227s] Level 1:colcon.colcon_core.package_identification:_identify(models/runs/detect) by extensions ['colcon_meta']
[0.227s] Level 1:colcon.colcon_core.package_identification:_identify(models/runs/detect) by extension 'colcon_meta'
[0.228s] Level 1:colcon.colcon_core.package_identification:_identify(models/runs/detect) by extensions ['ros']
[0.228s] Level 1:colcon.colcon_core.package_identification:_identify(models/runs/detect) by extension 'ros'
[0.228s] Level 1:colcon.colcon_core.package_identification:_identify(models/runs/detect) by extensions ['cmake', 'python']
[0.228s] Level 1:colcon.colcon_core.package_identification:_identify(models/runs/detect) by extension 'cmake'
[0.228s] Level 1:colcon.colcon_core.package_identification:_identify(models/runs/detect) by extension 'python'
[0.228s] Level 1:colcon.colcon_core.package_identification:_identify(models/runs/detect) by extensions ['python_setup_py']
[0.228s] Level 1:colcon.colcon_core.package_identification:_identify(models/runs/detect) by extension 'python_setup_py'
[0.228s] Level 1:colcon.colcon_core.package_identification:_identify(models/runs/detect/crack_and_pothole) by extensions ['ignore', 'ignore_ament_install']
[0.228s] Level 1:colcon.colcon_core.package_identification:_identify(models/runs/detect/crack_and_pothole) by extension 'ignore'
[0.228s] Level 1:colcon.colcon_core.package_identification:_identify(models/runs/detect/crack_and_pothole) by extension 'ignore_ament_install'
[0.228s] Level 1:colcon.colcon_core.package_identification:_identify(models/runs/detect/crack_and_pothole) by extensions ['colcon_pkg']
[0.228s] Level 1:colcon.colcon_core.package_identification:_identify(models/runs/detect/crack_and_pothole) by extension 'colcon_pkg'
[0.228s] Level 1:colcon.colcon_core.package_identification:_identify(models/runs/detect/crack_and_pothole) by extensions ['colcon_meta']
[0.228s] Level 1:colcon.colcon_core.package_identification:_identify(models/runs/detect/crack_and_pothole) by extension 'colcon_meta'
[0.228s] Level 1:colcon.colcon_core.package_identification:_identify(models/runs/detect/crack_and_pothole) by extensions ['ros']
[0.228s] Level 1:colcon.colcon_core.package_identification:_identify(models/runs/detect/crack_and_pothole) by extension 'ros'
[0.228s] Level 1:colcon.colcon_core.package_identification:_identify(models/runs/detect/crack_and_pothole) by extensions ['cmake', 'python']
[0.228s] Level 1:colcon.colcon_core.package_identification:_identify(models/runs/detect/crack_and_pothole) by extension 'cmake'
[0.228s] Level 1:colcon.colcon_core.package_identification:_identify(models/runs/detect/crack_and_pothole) by extension 'python'
[0.228s] Level 1:colcon.colcon_core.package_identification:_identify(models/runs/detect/crack_and_pothole) by extensions ['python_setup_py']
[0.228s] Level 1:colcon.colcon_core.package_identification:_identify(models/runs/detect/crack_and_pothole) by extension 'python_setup_py'
[0.228s] Level 1:colcon.colcon_core.package_identification:_identify(models/runs/detect/crack_and_pothole/weights) by extensions ['ignore', 'ignore_ament_install']
[0.228s] Level 1:colcon.colcon_core.package_identification:_identify(models/runs/detect/crack_and_pothole/weights) by extension 'ignore'
[0.228s] Level 1:colcon.colcon_core.package_identification:_identify(models/runs/detect/crack_and_pothole/weights) by extension 'ignore_ament_install'
[0.228s] Level 1:colcon.colcon_core.package_identification:_identify(models/runs/detect/crack_and_pothole/weights) by extensions ['colcon_pkg']
[0.228s] Level 1:colcon.colcon_core.package_identification:_identify(models/runs/detect/crack_and_pothole/weights) by extension 'colcon_pkg'
[0.228s] Level 1:colcon.colcon_core.package_identification:_identify(models/runs/detect/crack_and_pothole/weights) by extensions ['colcon_meta']
[0.229s] Level 1:colcon.colcon_core.package_identification:_identify(models/runs/detect/crack_and_pothole/weights) by extension 'colcon_meta'
[0.229s] Level 1:colcon.colcon_core.package_identification:_identify(models/runs/detect/crack_and_pothole/weights) by extensions ['ros']
[0.229s] Level 1:colcon.colcon_core.package_identification:_identify(models/runs/detect/crack_and_pothole/weights) by extension 'ros'
[0.229s] Level 1:colcon.colcon_core.package_identification:_identify(models/runs/detect/crack_and_pothole/weights) by extensions ['cmake', 'python']
[0.229s] Level 1:colcon.colcon_core.package_identification:_identify(models/runs/detect/crack_and_pothole/weights) by extension 'cmake'
[0.229s] Level 1:colcon.colcon_core.package_identification:_identify(models/runs/detect/crack_and_pothole/weights) by extension 'python'
[0.229s] Level 1:colcon.colcon_core.package_identification:_identify(models/runs/detect/crack_and_pothole/weights) by extensions ['python_setup_py']
[0.229s] Level 1:colcon.colcon_core.package_identification:_identify(models/runs/detect/crack_and_pothole/weights) by extension 'python_setup_py'
[0.229s] Level 1:colcon.colcon_core.package_identification:_identify(models/runs/detect/pothole) by extensions ['ignore', 'ignore_ament_install']
[0.229s] Level 1:colcon.colcon_core.package_identification:_identify(models/runs/detect/pothole) by extension 'ignore'
[0.229s] Level 1:colcon.colcon_core.package_identification:_identify(models/runs/detect/pothole) by extension 'ignore_ament_install'
[0.229s] Level 1:colcon.colcon_core.package_identification:_identify(models/runs/detect/pothole) by extensions ['colcon_pkg']
[0.229s] Level 1:colcon.colcon_core.package_identification:_identify(models/runs/detect/pothole) by extension 'colcon_pkg'
[0.229s] Level 1:colcon.colcon_core.package_identification:_identify(models/runs/detect/pothole) by extensions ['colcon_meta']
[0.229s] Level 1:colcon.colcon_core.package_identification:_identify(models/runs/detect/pothole) by extension 'colcon_meta'
[0.229s] Level 1:colcon.colcon_core.package_identification:_identify(models/runs/detect/pothole) by extensions ['ros']
[0.229s] Level 1:colcon.colcon_core.package_identification:_identify(models/runs/detect/pothole) by extension 'ros'
[0.229s] Level 1:colcon.colcon_core.package_identification:_identify(models/runs/detect/pothole) by extensions ['cmake', 'python']
[0.229s] Level 1:colcon.colcon_core.package_identification:_identify(models/runs/detect/pothole) by extension 'cmake'
[0.229s] Level 1:colcon.colcon_core.package_identification:_identify(models/runs/detect/pothole) by extension 'python'
[0.229s] Level 1:colcon.colcon_core.package_identification:_identify(models/runs/detect/pothole) by extensions ['python_setup_py']
[0.229s] Level 1:colcon.colcon_core.package_identification:_identify(models/runs/detect/pothole) by extension 'python_setup_py'
[0.229s] Level 1:colcon.colcon_core.package_identification:_identify(models/runs/detect/pothole/weights) by extensions ['ignore', 'ignore_ament_install']
[0.229s] Level 1:colcon.colcon_core.package_identification:_identify(models/runs/detect/pothole/weights) by extension 'ignore'
[0.229s] Level 1:colcon.colcon_core.package_identification:_identify(models/runs/detect/pothole/weights) by extension 'ignore_ament_install'
[0.229s] Level 1:colcon.colcon_core.package_identification:_identify(models/runs/detect/pothole/weights) by extensions ['colcon_pkg']
[0.230s] Level 1:colcon.colcon_core.package_identification:_identify(models/runs/detect/pothole/weights) by extension 'colcon_pkg'
[0.230s] Level 1:colcon.colcon_core.package_identification:_identify(models/runs/detect/pothole/weights) by extensions ['colcon_meta']
[0.230s] Level 1:colcon.colcon_core.package_identification:_identify(models/runs/detect/pothole/weights) by extension 'colcon_meta'
[0.230s] Level 1:colcon.colcon_core.package_identification:_identify(models/runs/detect/pothole/weights) by extensions ['ros']
[0.230s] Level 1:colcon.colcon_core.package_identification:_identify(models/runs/detect/pothole/weights) by extension 'ros'
[0.230s] Level 1:colcon.colcon_core.package_identification:_identify(models/runs/detect/pothole/weights) by extensions ['cmake', 'python']
[0.230s] Level 1:colcon.colcon_core.package_identification:_identify(models/runs/detect/pothole/weights) by extension 'cmake'
[0.230s] Level 1:colcon.colcon_core.package_identification:_identify(models/runs/detect/pothole/weights) by extension 'python'
[0.230s] Level 1:colcon.colcon_core.package_identification:_identify(models/runs/detect/pothole/weights) by extensions ['python_setup_py']
[0.230s] Level 1:colcon.colcon_core.package_identification:_identify(models/runs/detect/pothole/weights) by extension 'python_setup_py'
[0.230s] Level 1:colcon.colcon_core.package_identification:_identify(models/runs/detect/train) by extensions ['ignore', 'ignore_ament_install']
[0.230s] Level 1:colcon.colcon_core.package_identification:_identify(models/runs/detect/train) by extension 'ignore'
[0.230s] Level 1:colcon.colcon_core.package_identification:_identify(models/runs/detect/train) by extension 'ignore_ament_install'
[0.230s] Level 1:colcon.colcon_core.package_identification:_identify(models/runs/detect/train) by extensions ['colcon_pkg']
[0.230s] Level 1:colcon.colcon_core.package_identification:_identify(models/runs/detect/train) by extension 'colcon_pkg'
[0.230s] Level 1:colcon.colcon_core.package_identification:_identify(models/runs/detect/train) by extensions ['colcon_meta']
[0.230s] Level 1:colcon.colcon_core.package_identification:_identify(models/runs/detect/train) by extension 'colcon_meta'
[0.230s] Level 1:colcon.colcon_core.package_identification:_identify(models/runs/detect/train) by extensions ['ros']
[0.230s] Level 1:colcon.colcon_core.package_identification:_identify(models/runs/detect/train) by extension 'ros'
[0.230s] Level 1:colcon.colcon_core.package_identification:_identify(models/runs/detect/train) by extensions ['cmake', 'python']
[0.230s] Level 1:colcon.colcon_core.package_identification:_identify(models/runs/detect/train) by extension 'cmake'
[0.230s] Level 1:colcon.colcon_core.package_identification:_identify(models/runs/detect/train) by extension 'python'
[0.230s] Level 1:colcon.colcon_core.package_identification:_identify(models/runs/detect/train) by extensions ['python_setup_py']
[0.230s] Level 1:colcon.colcon_core.package_identification:_identify(models/runs/detect/train) by extension 'python_setup_py'
[0.230s] Level 1:colcon.colcon_core.package_identification:_identify(models/runs/detect/train/weights) by extensions ['ignore', 'ignore_ament_install']
[0.230s] Level 1:colcon.colcon_core.package_identification:_identify(models/runs/detect/train/weights) by extension 'ignore'
[0.230s] Level 1:colcon.colcon_core.package_identification:_identify(models/runs/detect/train/weights) by extension 'ignore_ament_install'
[0.230s] Level 1:colcon.colcon_core.package_identification:_identify(models/runs/detect/train/weights) by extensions ['colcon_pkg']
[0.231s] Level 1:colcon.colcon_core.package_identification:_identify(models/runs/detect/train/weights) by extension 'colcon_pkg'
[0.231s] Level 1:colcon.colcon_core.package_identification:_identify(models/runs/detect/train/weights) by extensions ['colcon_meta']
[0.231s] Level 1:colcon.colcon_core.package_identification:_identify(models/runs/detect/train/weights) by extension 'colcon_meta'
[0.231s] Level 1:colcon.colcon_core.package_identification:_identify(models/runs/detect/train/weights) by extensions ['ros']
[0.231s] Level 1:colcon.colcon_core.package_identification:_identify(models/runs/detect/train/weights) by extension 'ros'
[0.231s] Level 1:colcon.colcon_core.package_identification:_identify(models/runs/detect/train/weights) by extensions ['cmake', 'python']
[0.231s] Level 1:colcon.colcon_core.package_identification:_identify(models/runs/detect/train/weights) by extension 'cmake'
[0.231s] Level 1:colcon.colcon_core.package_identification:_identify(models/runs/detect/train/weights) by extension 'python'
[0.231s] Level 1:colcon.colcon_core.package_identification:_identify(models/runs/detect/train/weights) by extensions ['python_setup_py']
[0.231s] Level 1:colcon.colcon_core.package_identification:_identify(models/runs/detect/train/weights) by extension 'python_setup_py'
[0.231s] Level 1:colcon.colcon_core.package_identification:_identify(models/runs/detect/train2) by extensions ['ignore', 'ignore_ament_install']
[0.231s] Level 1:colcon.colcon_core.package_identification:_identify(models/runs/detect/train2) by extension 'ignore'
[0.231s] Level 1:colcon.colcon_core.package_identification:_identify(models/runs/detect/train2) by extension 'ignore_ament_install'
[0.231s] Level 1:colcon.colcon_core.package_identification:_identify(models/runs/detect/train2) by extensions ['colcon_pkg']
[0.231s] Level 1:colcon.colcon_core.package_identification:_identify(models/runs/detect/train2) by extension 'colcon_pkg'
[0.231s] Level 1:colcon.colcon_core.package_identification:_identify(models/runs/detect/train2) by extensions ['colcon_meta']
[0.231s] Level 1:colcon.colcon_core.package_identification:_identify(models/runs/detect/train2) by extension 'colcon_meta'
[0.231s] Level 1:colcon.colcon_core.package_identification:_identify(models/runs/detect/train2) by extensions ['ros']
[0.231s] Level 1:colcon.colcon_core.package_identification:_identify(models/runs/detect/train2) by extension 'ros'
[0.231s] Level 1:colcon.colcon_core.package_identification:_identify(models/runs/detect/train2) by extensions ['cmake', 'python']
[0.231s] Level 1:colcon.colcon_core.package_identification:_identify(models/runs/detect/train2) by extension 'cmake'
[0.231s] Level 1:colcon.colcon_core.package_identification:_identify(models/runs/detect/train2) by extension 'python'
[0.231s] Level 1:colcon.colcon_core.package_identification:_identify(models/runs/detect/train2) by extensions ['python_setup_py']
[0.231s] Level 1:colcon.colcon_core.package_identification:_identify(models/runs/detect/train2) by extension 'python_setup_py'
[0.231s] Level 1:colcon.colcon_core.package_identification:_identify(models/runs/detect/train2/weights) by extensions ['ignore', 'ignore_ament_install']
[0.231s] Level 1:colcon.colcon_core.package_identification:_identify(models/runs/detect/train2/weights) by extension 'ignore'
[0.231s] Level 1:colcon.colcon_core.package_identification:_identify(models/runs/detect/train2/weights) by extension 'ignore_ament_install'
[0.231s] Level 1:colcon.colcon_core.package_identification:_identify(models/runs/detect/train2/weights) by extensions ['colcon_pkg']
[0.231s] Level 1:colcon.colcon_core.package_identification:_identify(models/runs/detect/train2/weights) by extension 'colcon_pkg'
[0.232s] Level 1:colcon.colcon_core.package_identification:_identify(models/runs/detect/train2/weights) by extensions ['colcon_meta']
[0.232s] Level 1:colcon.colcon_core.package_identification:_identify(models/runs/detect/train2/weights) by extension 'colcon_meta'
[0.232s] Level 1:colcon.colcon_core.package_identification:_identify(models/runs/detect/train2/weights) by extensions ['ros']
[0.232s] Level 1:colcon.colcon_core.package_identification:_identify(models/runs/detect/train2/weights) by extension 'ros'
[0.232s] Level 1:colcon.colcon_core.package_identification:_identify(models/runs/detect/train2/weights) by extensions ['cmake', 'python']
[0.232s] Level 1:colcon.colcon_core.package_identification:_identify(models/runs/detect/train2/weights) by extension 'cmake'
[0.232s] Level 1:colcon.colcon_core.package_identification:_identify(models/runs/detect/train2/weights) by extension 'python'
[0.232s] Level 1:colcon.colcon_core.package_identification:_identify(models/runs/detect/train2/weights) by extensions ['python_setup_py']
[0.232s] Level 1:colcon.colcon_core.package_identification:_identify(models/runs/detect/train2/weights) by extension 'python_setup_py'
[0.232s] Level 1:colcon.colcon_core.package_identification:_identify(models/runs/detect/train4) by extensions ['ignore', 'ignore_ament_install']
[0.232s] Level 1:colcon.colcon_core.package_identification:_identify(models/runs/detect/train4) by extension 'ignore'
[0.232s] Level 1:colcon.colcon_core.package_identification:_identify(models/runs/detect/train4) by extension 'ignore_ament_install'
[0.232s] Level 1:colcon.colcon_core.package_identification:_identify(models/runs/detect/train4) by extensions ['colcon_pkg']
[0.232s] Level 1:colcon.colcon_core.package_identification:_identify(models/runs/detect/train4) by extension 'colcon_pkg'
[0.232s] Level 1:colcon.colcon_core.package_identification:_identify(models/runs/detect/train4) by extensions ['colcon_meta']
[0.232s] Level 1:colcon.colcon_core.package_identification:_identify(models/runs/detect/train4) by extension 'colcon_meta'
[0.232s] Level 1:colcon.colcon_core.package_identification:_identify(models/runs/detect/train4) by extensions ['ros']
[0.232s] Level 1:colcon.colcon_core.package_identification:_identify(models/runs/detect/train4) by extension 'ros'
[0.232s] Level 1:colcon.colcon_core.package_identification:_identify(models/runs/detect/train4) by extensions ['cmake', 'python']
[0.232s] Level 1:colcon.colcon_core.package_identification:_identify(models/runs/detect/train4) by extension 'cmake'
[0.232s] Level 1:colcon.colcon_core.package_identification:_identify(models/runs/detect/train4) by extension 'python'
[0.232s] Level 1:colcon.colcon_core.package_identification:_identify(models/runs/detect/train4) by extensions ['python_setup_py']
[0.232s] Level 1:colcon.colcon_core.package_identification:_identify(models/runs/detect/train4) by extension 'python_setup_py'
[0.232s] Level 1:colcon.colcon_core.package_identification:_identify(models/runs/detect/train4/weights) by extensions ['ignore', 'ignore_ament_install']
[0.232s] Level 1:colcon.colcon_core.package_identification:_identify(models/runs/detect/train4/weights) by extension 'ignore'
[0.232s] Level 1:colcon.colcon_core.package_identification:_identify(models/runs/detect/train4/weights) by extension 'ignore_ament_install'
[0.232s] Level 1:colcon.colcon_core.package_identification:_identify(models/runs/detect/train4/weights) by extensions ['colcon_pkg']
[0.232s] Level 1:colcon.colcon_core.package_identification:_identify(models/runs/detect/train4/weights) by extension 'colcon_pkg'
[0.232s] Level 1:colcon.colcon_core.package_identification:_identify(models/runs/detect/train4/weights) by extensions ['colcon_meta']
[0.233s] Level 1:colcon.colcon_core.package_identification:_identify(models/runs/detect/train4/weights) by extension 'colcon_meta'
[0.233s] Level 1:colcon.colcon_core.package_identification:_identify(models/runs/detect/train4/weights) by extensions ['ros']
[0.233s] Level 1:colcon.colcon_core.package_identification:_identify(models/runs/detect/train4/weights) by extension 'ros'
[0.233s] Level 1:colcon.colcon_core.package_identification:_identify(models/runs/detect/train4/weights) by extensions ['cmake', 'python']
[0.233s] Level 1:colcon.colcon_core.package_identification:_identify(models/runs/detect/train4/weights) by extension 'cmake'
[0.233s] Level 1:colcon.colcon_core.package_identification:_identify(models/runs/detect/train4/weights) by extension 'python'
[0.233s] Level 1:colcon.colcon_core.package_identification:_identify(models/runs/detect/train4/weights) by extensions ['python_setup_py']
[0.233s] Level 1:colcon.colcon_core.package_identification:_identify(models/runs/detect/train4/weights) by extension 'python_setup_py'
[0.233s] Level 1:colcon.colcon_core.package_identification:_identify(models/runs/segment) by extensions ['ignore', 'ignore_ament_install']
[0.233s] Level 1:colcon.colcon_core.package_identification:_identify(models/runs/segment) by extension 'ignore'
[0.233s] Level 1:colcon.colcon_core.package_identification:_identify(models/runs/segment) by extension 'ignore_ament_install'
[0.233s] Level 1:colcon.colcon_core.package_identification:_identify(models/runs/segment) by extensions ['colcon_pkg']
[0.233s] Level 1:colcon.colcon_core.package_identification:_identify(models/runs/segment) by extension 'colcon_pkg'
[0.233s] Level 1:colcon.colcon_core.package_identification:_identify(models/runs/segment) by extensions ['colcon_meta']
[0.233s] Level 1:colcon.colcon_core.package_identification:_identify(models/runs/segment) by extension 'colcon_meta'
[0.233s] Level 1:colcon.colcon_core.package_identification:_identify(models/runs/segment) by extensions ['ros']
[0.233s] Level 1:colcon.colcon_core.package_identification:_identify(models/runs/segment) by extension 'ros'
[0.233s] Level 1:colcon.colcon_core.package_identification:_identify(models/runs/segment) by extensions ['cmake', 'python']
[0.233s] Level 1:colcon.colcon_core.package_identification:_identify(models/runs/segment) by extension 'cmake'
[0.233s] Level 1:colcon.colcon_core.package_identification:_identify(models/runs/segment) by extension 'python'
[0.233s] Level 1:colcon.colcon_core.package_identification:_identify(models/runs/segment) by extensions ['python_setup_py']
[0.233s] Level 1:colcon.colcon_core.package_identification:_identify(models/runs/segment) by extension 'python_setup_py'
[0.233s] Level 1:colcon.colcon_core.package_identification:_identify(models/runs/segment/train) by extensions ['ignore', 'ignore_ament_install']
[0.233s] Level 1:colcon.colcon_core.package_identification:_identify(models/runs/segment/train) by extension 'ignore'
[0.233s] Level 1:colcon.colcon_core.package_identification:_identify(models/runs/segment/train) by extension 'ignore_ament_install'
[0.233s] Level 1:colcon.colcon_core.package_identification:_identify(models/runs/segment/train) by extensions ['colcon_pkg']
[0.233s] Level 1:colcon.colcon_core.package_identification:_identify(models/runs/segment/train) by extension 'colcon_pkg'
[0.234s] Level 1:colcon.colcon_core.package_identification:_identify(models/runs/segment/train) by extensions ['colcon_meta']
[0.234s] Level 1:colcon.colcon_core.package_identification:_identify(models/runs/segment/train) by extension 'colcon_meta'
[0.234s] Level 1:colcon.colcon_core.package_identification:_identify(models/runs/segment/train) by extensions ['ros']
[0.234s] Level 1:colcon.colcon_core.package_identification:_identify(models/runs/segment/train) by extension 'ros'
[0.234s] Level 1:colcon.colcon_core.package_identification:_identify(models/runs/segment/train) by extensions ['cmake', 'python']
[0.234s] Level 1:colcon.colcon_core.package_identification:_identify(models/runs/segment/train) by extension 'cmake'
[0.234s] Level 1:colcon.colcon_core.package_identification:_identify(models/runs/segment/train) by extension 'python'
[0.234s] Level 1:colcon.colcon_core.package_identification:_identify(models/runs/segment/train) by extensions ['python_setup_py']
[0.234s] Level 1:colcon.colcon_core.package_identification:_identify(models/runs/segment/train) by extension 'python_setup_py'
[0.234s] Level 1:colcon.colcon_core.package_identification:_identify(models/runs/segment/train/weights) by extensions ['ignore', 'ignore_ament_install']
[0.234s] Level 1:colcon.colcon_core.package_identification:_identify(models/runs/segment/train/weights) by extension 'ignore'
[0.234s] Level 1:colcon.colcon_core.package_identification:_identify(models/runs/segment/train/weights) by extension 'ignore_ament_install'
[0.234s] Level 1:colcon.colcon_core.package_identification:_identify(models/runs/segment/train/weights) by extensions ['colcon_pkg']
[0.234s] Level 1:colcon.colcon_core.package_identification:_identify(models/runs/segment/train/weights) by extension 'colcon_pkg'
[0.234s] Level 1:colcon.colcon_core.package_identification:_identify(models/runs/segment/train/weights) by extensions ['colcon_meta']
[0.234s] Level 1:colcon.colcon_core.package_identification:_identify(models/runs/segment/train/weights) by extension 'colcon_meta'
[0.234s] Level 1:colcon.colcon_core.package_identification:_identify(models/runs/segment/train/weights) by extensions ['ros']
[0.234s] Level 1:colcon.colcon_core.package_identification:_identify(models/runs/segment/train/weights) by extension 'ros'
[0.234s] Level 1:colcon.colcon_core.package_identification:_identify(models/runs/segment/train/weights) by extensions ['cmake', 'python']
[0.234s] Level 1:colcon.colcon_core.package_identification:_identify(models/runs/segment/train/weights) by extension 'cmake'
[0.234s] Level 1:colcon.colcon_core.package_identification:_identify(models/runs/segment/train/weights) by extension 'python'
[0.234s] Level 1:colcon.colcon_core.package_identification:_identify(models/runs/segment/train/weights) by extensions ['python_setup_py']
[0.234s] Level 1:colcon.colcon_core.package_identification:_identify(models/runs/segment/train/weights) by extension 'python_setup_py'
[0.234s] Level 1:colcon.colcon_core.package_identification:_identify(models/runs/segment/train2) by extensions ['ignore', 'ignore_ament_install']
[0.234s] Level 1:colcon.colcon_core.package_identification:_identify(models/runs/segment/train2) by extension 'ignore'
[0.234s] Level 1:colcon.colcon_core.package_identification:_identify(models/runs/segment/train2) by extension 'ignore_ament_install'
[0.235s] Level 1:colcon.colcon_core.package_identification:_identify(models/runs/segment/train2) by extensions ['colcon_pkg']
[0.235s] Level 1:colcon.colcon_core.package_identification:_identify(models/runs/segment/train2) by extension 'colcon_pkg'
[0.235s] Level 1:colcon.colcon_core.package_identification:_identify(models/runs/segment/train2) by extensions ['colcon_meta']
[0.235s] Level 1:colcon.colcon_core.package_identification:_identify(models/runs/segment/train2) by extension 'colcon_meta'
[0.235s] Level 1:colcon.colcon_core.package_identification:_identify(models/runs/segment/train2) by extensions ['ros']
[0.235s] Level 1:colcon.colcon_core.package_identification:_identify(models/runs/segment/train2) by extension 'ros'
[0.235s] Level 1:colcon.colcon_core.package_identification:_identify(models/runs/segment/train2) by extensions ['cmake', 'python']
[0.235s] Level 1:colcon.colcon_core.package_identification:_identify(models/runs/segment/train2) by extension 'cmake'
[0.235s] Level 1:colcon.colcon_core.package_identification:_identify(models/runs/segment/train2) by extension 'python'
[0.235s] Level 1:colcon.colcon_core.package_identification:_identify(models/runs/segment/train2) by extensions ['python_setup_py']
[0.235s] Level 1:colcon.colcon_core.package_identification:_identify(models/runs/segment/train2) by extension 'python_setup_py'
[0.235s] Level 1:colcon.colcon_core.package_identification:_identify(models/runs/segment/train2/weights) by extensions ['ignore', 'ignore_ament_install']
[0.235s] Level 1:colcon.colcon_core.package_identification:_identify(models/runs/segment/train2/weights) by extension 'ignore'
[0.235s] Level 1:colcon.colcon_core.package_identification:_identify(models/runs/segment/train2/weights) by extension 'ignore_ament_install'
[0.235s] Level 1:colcon.colcon_core.package_identification:_identify(models/runs/segment/train2/weights) by extensions ['colcon_pkg']
[0.235s] Level 1:colcon.colcon_core.package_identification:_identify(models/runs/segment/train2/weights) by extension 'colcon_pkg'
[0.235s] Level 1:colcon.colcon_core.package_identification:_identify(models/runs/segment/train2/weights) by extensions ['colcon_meta']
[0.235s] Level 1:colcon.colcon_core.package_identification:_identify(models/runs/segment/train2/weights) by extension 'colcon_meta'
[0.235s] Level 1:colcon.colcon_core.package_identification:_identify(models/runs/segment/train2/weights) by extensions ['ros']
[0.235s] Level 1:colcon.colcon_core.package_identification:_identify(models/runs/segment/train2/weights) by extension 'ros'
[0.235s] Level 1:colcon.colcon_core.package_identification:_identify(models/runs/segment/train2/weights) by extensions ['cmake', 'python']
[0.235s] Level 1:colcon.colcon_core.package_identification:_identify(models/runs/segment/train2/weights) by extension 'cmake'
[0.235s] Level 1:colcon.colcon_core.package_identification:_identify(models/runs/segment/train2/weights) by extension 'python'
[0.235s] Level 1:colcon.colcon_core.package_identification:_identify(models/runs/segment/train2/weights) by extensions ['python_setup_py']
[0.235s] Level 1:colcon.colcon_core.package_identification:_identify(models/runs/segment/train2/weights) by extension 'python_setup_py'
[0.235s] Level 1:colcon.colcon_core.package_identification:_identify(src) by extensions ['ignore', 'ignore_ament_install']
[0.235s] Level 1:colcon.colcon_core.package_identification:_identify(src) by extension 'ignore'
[0.235s] Level 1:colcon.colcon_core.package_identification:_identify(src) by extension 'ignore_ament_install'
[0.236s] Level 1:colcon.colcon_core.package_identification:_identify(src) by extensions ['colcon_pkg']
[0.236s] Level 1:colcon.colcon_core.package_identification:_identify(src) by extension 'colcon_pkg'
[0.236s] Level 1:colcon.colcon_core.package_identification:_identify(src) by extensions ['colcon_meta']
[0.236s] Level 1:colcon.colcon_core.package_identification:_identify(src) by extension 'colcon_meta'
[0.236s] Level 1:colcon.colcon_core.package_identification:_identify(src) by extensions ['ros']
[0.236s] Level 1:colcon.colcon_core.package_identification:_identify(src) by extension 'ros'
[0.236s] Level 1:colcon.colcon_core.package_identification:_identify(src) by extensions ['cmake', 'python']
[0.236s] Level 1:colcon.colcon_core.package_identification:_identify(src) by extension 'cmake'
[0.236s] Level 1:colcon.colcon_core.package_identification:_identify(src) by extension 'python'
[0.236s] Level 1:colcon.colcon_core.package_identification:_identify(src) by extensions ['python_setup_py']
[0.236s] Level 1:colcon.colcon_core.package_identification:_identify(src) by extension 'python_setup_py'
[0.236s] Level 1:colcon.colcon_core.package_identification:_identify(src/classify_and_get_depth) by extensions ['ignore', 'ignore_ament_install']
[0.236s] Level 1:colcon.colcon_core.package_identification:_identify(src/classify_and_get_depth) by extension 'ignore'
[0.236s] Level 1:colcon.colcon_core.package_identification:_identify(src/classify_and_get_depth) by extension 'ignore_ament_install'
[0.236s] Level 1:colcon.colcon_core.package_identification:_identify(src/classify_and_get_depth) by extensions ['colcon_pkg']
[0.236s] Level 1:colcon.colcon_core.package_identification:_identify(src/classify_and_get_depth) by extension 'colcon_pkg'
[0.236s] Level 1:colcon.colcon_core.package_identification:_identify(src/classify_and_get_depth) by extensions ['colcon_meta']
[0.236s] Level 1:colcon.colcon_core.package_identification:_identify(src/classify_and_get_depth) by extension 'colcon_meta'
[0.236s] Level 1:colcon.colcon_core.package_identification:_identify(src/classify_and_get_depth) by extensions ['ros']
[0.236s] Level 1:colcon.colcon_core.package_identification:_identify(src/classify_and_get_depth) by extension 'ros'
[0.238s] DEBUG:colcon.colcon_core.package_identification:Package 'src/classify_and_get_depth' with type 'ros.ament_python' and name 'classify_and_get_depth'
[0.238s] Level 1:colcon.colcon_core.package_identification:_identify(src/depth_publisher) by extensions ['ignore', 'ignore_ament_install']
[0.238s] Level 1:colcon.colcon_core.package_identification:_identify(src/depth_publisher) by extension 'ignore'
[0.238s] Level 1:colcon.colcon_core.package_identification:_identify(src/depth_publisher) by extension 'ignore_ament_install'
[0.238s] Level 1:colcon.colcon_core.package_identification:_identify(src/depth_publisher) by extensions ['colcon_pkg']
[0.238s] Level 1:colcon.colcon_core.package_identification:_identify(src/depth_publisher) by extension 'colcon_pkg'
[0.238s] Level 1:colcon.colcon_core.package_identification:_identify(src/depth_publisher) by extensions ['colcon_meta']
[0.238s] Level 1:colcon.colcon_core.package_identification:_identify(src/depth_publisher) by extension 'colcon_meta'
[0.238s] Level 1:colcon.colcon_core.package_identification:_identify(src/depth_publisher) by extensions ['ros']
[0.238s] Level 1:colcon.colcon_core.package_identification:_identify(src/depth_publisher) by extension 'ros'
[0.239s] DEBUG:colcon.colcon_core.package_identification:Package 'src/depth_publisher' with type 'ros.ament_python' and name 'depth_publisher'
[0.239s] Level 1:colcon.colcon_core.package_discovery:discover_packages(recursive) using defaults
[0.239s] Level 1:colcon.colcon_core.package_discovery:discover_packages(ignore) discover
[0.239s] Level 1:colcon.colcon_core.package_discovery:discover_packages(ignore) using defaults
[0.239s] Level 1:colcon.colcon_core.package_discovery:discover_packages(path) discover
[0.239s] Level 1:colcon.colcon_core.package_discovery:discover_packages(path) using defaults
[0.255s] Level 1:colcon.colcon_core.package_discovery:discover_packages(prefix_path) check parameters
[0.255s] Level 1:colcon.colcon_core.package_discovery:discover_packages(prefix_path) discover
[0.258s] DEBUG:colcon.colcon_installed_package_information.package_discovery:Found 271 installed packages in /opt/ros/humble
[0.259s] Level 1:colcon.colcon_core.package_discovery:discover_packages(prefix_path) using defaults
[0.289s] Level 5:colcon.colcon_core.verb:set package 'classify_and_get_depth' build argument 'cmake_args' from command line to 'None'
[0.289s] Level 5:colcon.colcon_core.verb:set package 'classify_and_get_depth' build argument 'cmake_target' from command line to 'None'
[0.289s] Level 5:colcon.colcon_core.verb:set package 'classify_and_get_depth' build argument 'cmake_target_skip_unavailable' from command line to 'False'
[0.289s] Level 5:colcon.colcon_core.verb:set package 'classify_and_get_depth' build argument 'cmake_clean_cache' from command line to 'False'
[0.289s] Level 5:colcon.colcon_core.verb:set package 'classify_and_get_depth' build argument 'cmake_clean_first' from command line to 'False'
[0.289s] Level 5:colcon.colcon_core.verb:set package 'classify_and_get_depth' build argument 'cmake_force_configure' from command line to 'False'
[0.289s] Level 5:colcon.colcon_core.verb:set package 'classify_and_get_depth' build argument 'ament_cmake_args' from command line to 'None'
[0.289s] Level 5:colcon.colcon_core.verb:set package 'classify_and_get_depth' build argument 'catkin_cmake_args' from command line to 'None'
[0.289s] Level 5:colcon.colcon_core.verb:set package 'classify_and_get_depth' build argument 'catkin_skip_building_tests' from command line to 'False'
[0.289s] DEBUG:colcon.colcon_core.verb:Building package 'classify_and_get_depth' with the following arguments: {'ament_cmake_args': None, 'build_base': '/home/csy/My_baby_blue/Road_fixer/build/classify_and_get_depth', 'catkin_cmake_args': None, 'catkin_skip_building_tests': False, 'cmake_args': None, 'cmake_clean_cache': False, 'cmake_clean_first': False, 'cmake_force_configure': False, 'cmake_target': None, 'cmake_target_skip_unavailable': False, 'install_base': '/home/csy/My_baby_blue/Road_fixer/install/classify_and_get_depth', 'merge_install': False, 'path': '/home/csy/My_baby_blue/Road_fixer/src/classify_and_get_depth', 'symlink_install': False, 'test_result_base': None}
[0.289s] Level 5:colcon.colcon_core.verb:set package 'depth_publisher' build argument 'cmake_args' from command line to 'None'
[0.289s] Level 5:colcon.colcon_core.verb:set package 'depth_publisher' build argument 'cmake_target' from command line to 'None'
[0.289s] Level 5:colcon.colcon_core.verb:set package 'depth_publisher' build argument 'cmake_target_skip_unavailable' from command line to 'False'
[0.289s] Level 5:colcon.colcon_core.verb:set package 'depth_publisher' build argument 'cmake_clean_cache' from command line to 'False'
[0.289s] Level 5:colcon.colcon_core.verb:set package 'depth_publisher' build argument 'cmake_clean_first' from command line to 'False'
[0.289s] Level 5:colcon.colcon_core.verb:set package 'depth_publisher' build argument 'cmake_force_configure' from command line to 'False'
[0.289s] Level 5:colcon.colcon_core.verb:set package 'depth_publisher' build argument 'ament_cmake_args' from command line to 'None'
[0.289s] Level 5:colcon.colcon_core.verb:set package 'depth_publisher' build argument 'catkin_cmake_args' from command line to 'None'
[0.289s] Level 5:colcon.colcon_core.verb:set package 'depth_publisher' build argument 'catkin_skip_building_tests' from command line to 'False'
[0.289s] DEBUG:colcon.colcon_core.verb:Building package 'depth_publisher' with the following arguments: {'ament_cmake_args': None, 'build_base': '/home/csy/My_baby_blue/Road_fixer/build/depth_publisher', 'catkin_cmake_args': None, 'catkin_skip_building_tests': False, 'cmake_args': None, 'cmake_clean_cache': False, 'cmake_clean_first': False, 'cmake_force_configure': False, 'cmake_target': None, 'cmake_target_skip_unavailable': False, 'install_base': '/home/csy/My_baby_blue/Road_fixer/install/depth_publisher', 'merge_install': False, 'path': '/home/csy/My_baby_blue/Road_fixer/src/depth_publisher', 'symlink_install': False, 'test_result_base': None}
[0.289s] INFO:colcon.colcon_core.executor:Executing jobs using 'parallel' executor
[0.290s] DEBUG:colcon.colcon_parallel_executor.executor.parallel:run_until_complete
[0.290s] INFO:colcon.colcon_ros.task.ament_python.build:Building ROS package in '/home/csy/My_baby_blue/Road_fixer/src/classify_and_get_depth' with build type 'ament_python'
[0.290s] Level 1:colcon.colcon_core.shell:create_environment_hook('classify_and_get_depth', 'ament_prefix_path')
[0.293s] INFO:colcon.colcon_core.plugin_system:Skipping extension 'colcon_core.shell.bat': Not used on non-Windows systems
[0.293s] INFO:colcon.colcon_core.shell:Creating environment hook '/home/csy/My_baby_blue/Road_fixer/install/classify_and_get_depth/share/classify_and_get_depth/hook/ament_prefix_path.ps1'
[0.294s] INFO:colcon.colcon_core.shell:Creating environment descriptor '/home/csy/My_baby_blue/Road_fixer/install/classify_and_get_depth/share/classify_and_get_depth/hook/ament_prefix_path.dsv'
[0.294s] INFO:colcon.colcon_core.shell:Creating environment hook '/home/csy/My_baby_blue/Road_fixer/install/classify_and_get_depth/share/classify_and_get_depth/hook/ament_prefix_path.sh'
[0.295s] INFO:colcon.colcon_core.shell:Skip shell extension 'powershell' for command environment: Not usable outside of PowerShell
[0.295s] DEBUG:colcon.colcon_core.shell:Skip shell extension 'dsv' for command environment
[0.297s] INFO:colcon.colcon_ros.task.ament_python.build:Building ROS package in '/home/csy/My_baby_blue/Road_fixer/src/depth_publisher' with build type 'ament_python'
[0.297s] Level 1:colcon.colcon_core.shell:create_environment_hook('depth_publisher', 'ament_prefix_path')
[0.297s] INFO:colcon.colcon_core.shell:Creating environment hook '/home/csy/My_baby_blue/Road_fixer/install/depth_publisher/share/depth_publisher/hook/ament_prefix_path.ps1'
[0.297s] INFO:colcon.colcon_core.shell:Creating environment descriptor '/home/csy/My_baby_blue/Road_fixer/install/depth_publisher/share/depth_publisher/hook/ament_prefix_path.dsv'
[0.298s] INFO:colcon.colcon_core.shell:Creating environment hook '/home/csy/My_baby_blue/Road_fixer/install/depth_publisher/share/depth_publisher/hook/ament_prefix_path.sh'
[0.298s] INFO:colcon.colcon_core.shell:Skip shell extension 'powershell' for command environment: Not usable outside of PowerShell
[0.298s] DEBUG:colcon.colcon_core.shell:Skip shell extension 'dsv' for command environment
[0.473s] INFO:colcon.colcon_core.task.python.build:Building Python package in '/home/csy/My_baby_blue/Road_fixer/src/classify_and_get_depth'
[0.473s] INFO:colcon.colcon_core.shell:Skip shell extension 'powershell' for command environment: Not usable outside of PowerShell
[0.473s] DEBUG:colcon.colcon_core.shell:Skip shell extension 'dsv' for command environment
[0.643s] INFO:colcon.colcon_core.task.python.build:Building Python package in '/home/csy/My_baby_blue/Road_fixer/src/depth_publisher'
[0.644s] INFO:colcon.colcon_core.shell:Skip shell extension 'powershell' for command environment: Not usable outside of PowerShell
[0.644s] DEBUG:colcon.colcon_core.shell:Skip shell extension 'dsv' for command environment
[0.888s] DEBUG:colcon.colcon_core.event_handler.log_command:Invoking command in '/home/csy/My_baby_blue/Road_fixer/src/classify_and_get_depth': CONDA_PROMPT_MODIFIER=(Road_fixer) PYTHONPATH=/home/csy/My_baby_blue/Road_fixer/build/classify_and_get_depth/prefix_override:/usr/lib/python3/dist-packages/colcon_core/task/python/colcon_distutils_commands:/home/csy/My_baby_blue/Road_fixer/install/classify_and_get_depth/lib/python3.10/site-packages:${PYTHONPATH} /usr/bin/python3 -W ignore:setup.py install is deprecated -W ignore:easy_install command is deprecated setup.py egg_info --egg-base ../../build/classify_and_get_depth build --build-base /home/csy/My_baby_blue/Road_fixer/build/classify_and_get_depth/build install --record /home/csy/My_baby_blue/Road_fixer/build/classify_and_get_depth/install.log --single-version-externally-managed install_data
[0.891s] DEBUG:colcon.colcon_core.event_handler.log_command:Invoking command in '/home/csy/My_baby_blue/Road_fixer/src/depth_publisher': CONDA_PROMPT_MODIFIER=(Road_fixer) PYTHONPATH=/home/csy/My_baby_blue/Road_fixer/build/depth_publisher/prefix_override:/usr/lib/python3/dist-packages/colcon_core/task/python/colcon_distutils_commands:/home/csy/My_baby_blue/Road_fixer/install/depth_publisher/lib/python3.10/site-packages:${PYTHONPATH} /usr/bin/python3 -W ignore:setup.py install is deprecated -W ignore:easy_install command is deprecated setup.py egg_info --egg-base ../../build/depth_publisher build --build-base /home/csy/My_baby_blue/Road_fixer/build/depth_publisher/build install --record /home/csy/My_baby_blue/Road_fixer/build/depth_publisher/install.log --single-version-externally-managed install_data
[1.092s] DEBUG:colcon.colcon_core.event_handler.log_command:Invoked command in '/home/csy/My_baby_blue/Road_fixer/src/classify_and_get_depth' returned '0': CONDA_PROMPT_MODIFIER=(Road_fixer) PYTHONPATH=/home/csy/My_baby_blue/Road_fixer/build/classify_and_get_depth/prefix_override:/usr/lib/python3/dist-packages/colcon_core/task/python/colcon_distutils_commands:/home/csy/My_baby_blue/Road_fixer/install/classify_and_get_depth/lib/python3.10/site-packages:${PYTHONPATH} /usr/bin/python3 -W ignore:setup.py install is deprecated -W ignore:easy_install command is deprecated setup.py egg_info --egg-base ../../build/classify_and_get_depth build --build-base /home/csy/My_baby_blue/Road_fixer/build/classify_and_get_depth/build install --record /home/csy/My_baby_blue/Road_fixer/build/classify_and_get_depth/install.log --single-version-externally-managed install_data
[1.095s] Level 1:colcon.colcon_core.environment:checking '/home/csy/My_baby_blue/Road_fixer/install/classify_and_get_depth' for CMake module files
[1.095s] Level 1:colcon.colcon_core.environment:checking '/home/csy/My_baby_blue/Road_fixer/install/classify_and_get_depth' for CMake config files
[1.096s] Level 1:colcon.colcon_core.environment:checking '/home/csy/My_baby_blue/Road_fixer/install/classify_and_get_depth/lib'
[1.096s] Level 1:colcon.colcon_core.environment:checking '/home/csy/My_baby_blue/Road_fixer/install/classify_and_get_depth/bin'
[1.096s] Level 1:colcon.colcon_core.environment:checking '/home/csy/My_baby_blue/Road_fixer/install/classify_and_get_depth/lib/pkgconfig/classify_and_get_depth.pc'
[1.096s] Level 1:colcon.colcon_core.environment:checking '/home/csy/My_baby_blue/Road_fixer/install/classify_and_get_depth/lib/python3.10/site-packages'
[1.096s] Level 1:colcon.colcon_core.shell:create_environment_hook('classify_and_get_depth', 'pythonpath')
[1.096s] INFO:colcon.colcon_core.shell:Creating environment hook '/home/csy/My_baby_blue/Road_fixer/install/classify_and_get_depth/share/classify_and_get_depth/hook/pythonpath.ps1'
[1.096s] INFO:colcon.colcon_core.shell:Creating environment descriptor '/home/csy/My_baby_blue/Road_fixer/install/classify_and_get_depth/share/classify_and_get_depth/hook/pythonpath.dsv'
[1.097s] INFO:colcon.colcon_core.shell:Creating environment hook '/home/csy/My_baby_blue/Road_fixer/install/classify_and_get_depth/share/classify_and_get_depth/hook/pythonpath.sh'
[1.097s] Level 1:colcon.colcon_core.environment:checking '/home/csy/My_baby_blue/Road_fixer/install/classify_and_get_depth/bin'
[1.097s] Level 1:colcon.colcon_core.environment:create_environment_scripts_only(classify_and_get_depth)
[1.097s] INFO:colcon.colcon_core.shell:Creating package script '/home/csy/My_baby_blue/Road_fixer/install/classify_and_get_depth/share/classify_and_get_depth/package.ps1'
[1.098s] INFO:colcon.colcon_core.shell:Creating package descriptor '/home/csy/My_baby_blue/Road_fixer/install/classify_and_get_depth/share/classify_and_get_depth/package.dsv'
[1.099s] INFO:colcon.colcon_core.shell:Creating package script '/home/csy/My_baby_blue/Road_fixer/install/classify_and_get_depth/share/classify_and_get_depth/package.sh'
[1.099s] INFO:colcon.colcon_core.shell:Creating package script '/home/csy/My_baby_blue/Road_fixer/install/classify_and_get_depth/share/classify_and_get_depth/package.bash'
[1.100s] INFO:colcon.colcon_core.shell:Creating package script '/home/csy/My_baby_blue/Road_fixer/install/classify_and_get_depth/share/classify_and_get_depth/package.zsh'
[1.100s] Level 1:colcon.colcon_core.environment:create_file_with_runtime_dependencies(/home/csy/My_baby_blue/Road_fixer/install/classify_and_get_depth/share/colcon-core/packages/classify_and_get_depth)
[1.101s] Level 1:colcon.colcon_core.environment:checking '/home/csy/My_baby_blue/Road_fixer/install/depth_publisher' for CMake module files
[1.102s] DEBUG:colcon.colcon_core.event_handler.log_command:Invoked command in '/home/csy/My_baby_blue/Road_fixer/src/depth_publisher' returned '0': CONDA_PROMPT_MODIFIER=(Road_fixer) PYTHONPATH=/home/csy/My_baby_blue/Road_fixer/build/depth_publisher/prefix_override:/usr/lib/python3/dist-packages/colcon_core/task/python/colcon_distutils_commands:/home/csy/My_baby_blue/Road_fixer/install/depth_publisher/lib/python3.10/site-packages:${PYTHONPATH} /usr/bin/python3 -W ignore:setup.py install is deprecated -W ignore:easy_install command is deprecated setup.py egg_info --egg-base ../../build/depth_publisher build --build-base /home/csy/My_baby_blue/Road_fixer/build/depth_publisher/build install --record /home/csy/My_baby_blue/Road_fixer/build/depth_publisher/install.log --single-version-externally-managed install_data
[1.102s] Level 1:colcon.colcon_core.environment:checking '/home/csy/My_baby_blue/Road_fixer/install/depth_publisher' for CMake config files
[1.103s] Level 1:colcon.colcon_core.environment:checking '/home/csy/My_baby_blue/Road_fixer/install/depth_publisher/lib'
[1.103s] Level 1:colcon.colcon_core.environment:checking '/home/csy/My_baby_blue/Road_fixer/install/depth_publisher/bin'
[1.103s] Level 1:colcon.colcon_core.environment:checking '/home/csy/My_baby_blue/Road_fixer/install/depth_publisher/lib/pkgconfig/depth_publisher.pc'
[1.103s] Level 1:colcon.colcon_core.environment:checking '/home/csy/My_baby_blue/Road_fixer/install/depth_publisher/lib/python3.10/site-packages'
[1.103s] Level 1:colcon.colcon_core.shell:create_environment_hook('depth_publisher', 'pythonpath')
[1.103s] INFO:colcon.colcon_core.shell:Creating environment hook '/home/csy/My_baby_blue/Road_fixer/install/depth_publisher/share/depth_publisher/hook/pythonpath.ps1'
[1.103s] INFO:colcon.colcon_core.shell:Creating environment descriptor '/home/csy/My_baby_blue/Road_fixer/install/depth_publisher/share/depth_publisher/hook/pythonpath.dsv'
[1.103s] INFO:colcon.colcon_core.shell:Creating environment hook '/home/csy/My_baby_blue/Road_fixer/install/depth_publisher/share/depth_publisher/hook/pythonpath.sh'
[1.104s] Level 1:colcon.colcon_core.environment:checking '/home/csy/My_baby_blue/Road_fixer/install/depth_publisher/bin'
[1.104s] Level 1:colcon.colcon_core.environment:create_environment_scripts_only(depth_publisher)
[1.104s] INFO:colcon.colcon_core.shell:Creating package script '/home/csy/My_baby_blue/Road_fixer/install/depth_publisher/share/depth_publisher/package.ps1'
[1.104s] INFO:colcon.colcon_core.shell:Creating package descriptor '/home/csy/My_baby_blue/Road_fixer/install/depth_publisher/share/depth_publisher/package.dsv'
[1.105s] INFO:colcon.colcon_core.shell:Creating package script '/home/csy/My_baby_blue/Road_fixer/install/depth_publisher/share/depth_publisher/package.sh'
[1.105s] INFO:colcon.colcon_core.shell:Creating package script '/home/csy/My_baby_blue/Road_fixer/install/depth_publisher/share/depth_publisher/package.bash'
[1.105s] INFO:colcon.colcon_core.shell:Creating package script '/home/csy/My_baby_blue/Road_fixer/install/depth_publisher/share/depth_publisher/package.zsh'
[1.105s] Level 1:colcon.colcon_core.environment:create_file_with_runtime_dependencies(/home/csy/My_baby_blue/Road_fixer/install/depth_publisher/share/colcon-core/packages/depth_publisher)
[1.105s] DEBUG:colcon.colcon_parallel_executor.executor.parallel:closing loop
[1.106s] DEBUG:colcon.colcon_parallel_executor.executor.parallel:loop closed
[1.106s] DEBUG:colcon.colcon_parallel_executor.executor.parallel:run_until_complete finished with '0'
[1.106s] DEBUG:colcon.colcon_core.event_reactor:joining thread
[1.111s] INFO:colcon.colcon_core.plugin_system:Skipping extension 'colcon_notification.desktop_notification.terminal_notifier': Not used on non-Darwin systems
[1.111s] INFO:colcon.colcon_core.plugin_system:Skipping extension 'colcon_notification.desktop_notification.win32': Not used on non-Windows systems
[1.111s] INFO:colcon.colcon_notification.desktop_notification:Sending desktop notification using 'notify2'
[1.121s] DEBUG:colcon.colcon_core.event_reactor:joined thread
[1.122s] INFO:colcon.colcon_core.shell:Creating prefix script '/home/csy/My_baby_blue/Road_fixer/install/local_setup.ps1'
[1.123s] INFO:colcon.colcon_core.shell:Creating prefix util module '/home/csy/My_baby_blue/Road_fixer/install/_local_setup_util_ps1.py'
[1.124s] INFO:colcon.colcon_core.shell:Creating prefix chain script '/home/csy/My_baby_blue/Road_fixer/install/setup.ps1'
[1.125s] INFO:colcon.colcon_core.shell:Creating prefix script '/home/csy/My_baby_blue/Road_fixer/install/local_setup.sh'
[1.125s] INFO:colcon.colcon_core.shell:Creating prefix util module '/home/csy/My_baby_blue/Road_fixer/install/_local_setup_util_sh.py'
[1.126s] INFO:colcon.colcon_core.shell:Creating prefix chain script '/home/csy/My_baby_blue/Road_fixer/install/setup.sh'
[1.126s] INFO:colcon.colcon_core.shell:Creating prefix script '/home/csy/My_baby_blue/Road_fixer/install/local_setup.bash'
[1.127s] INFO:colcon.colcon_core.shell:Creating prefix chain script '/home/csy/My_baby_blue/Road_fixer/install/setup.bash'
[1.128s] INFO:colcon.colcon_core.shell:Creating prefix script '/home/csy/My_baby_blue/Road_fixer/install/local_setup.zsh'
[1.128s] INFO:colcon.colcon_core.shell:Creating prefix chain script '/home/csy/My_baby_blue/Road_fixer/install/setup.zsh'
